Archive member included to satisfy reference by file (symbol)

/opt/st/stm32cubeide_1.7.0/plugins/com.st.stm32cube.ide.mcu.externaltools.gnu-tools-for-stm32.9-2020-q2-update.linux64_2.0.0.202105311346/tools/bin/../lib/gcc/arm-none-eabi/9.3.1/../../../../arm-none-eabi/lib/thumb/v7e-m+fp/hard/libc_nano.a(lib_a-errno.o)
                              ./Core/Src/syscalls.o (__errno)
/opt/st/stm32cubeide_1.7.0/plugins/com.st.stm32cube.ide.mcu.externaltools.gnu-tools-for-stm32.9-2020-q2-update.linux64_2.0.0.202105311346/tools/bin/../lib/gcc/arm-none-eabi/9.3.1/../../../../arm-none-eabi/lib/thumb/v7e-m+fp/hard/libc_nano.a(lib_a-exit.o)
                              /opt/st/stm32cubeide_1.7.0/plugins/com.st.stm32cube.ide.mcu.externaltools.gnu-tools-for-stm32.9-2020-q2-update.linux64_2.0.0.202105311346/tools/bin/../lib/gcc/arm-none-eabi/9.3.1/../../../../arm-none-eabi/lib/thumb/v7e-m+fp/hard/crt0.o (exit)
/opt/st/stm32cubeide_1.7.0/plugins/com.st.stm32cube.ide.mcu.externaltools.gnu-tools-for-stm32.9-2020-q2-update.linux64_2.0.0.202105311346/tools/bin/../lib/gcc/arm-none-eabi/9.3.1/../../../../arm-none-eabi/lib/thumb/v7e-m+fp/hard/libc_nano.a(lib_a-impure.o)
                              /opt/st/stm32cubeide_1.7.0/plugins/com.st.stm32cube.ide.mcu.externaltools.gnu-tools-for-stm32.9-2020-q2-update.linux64_2.0.0.202105311346/tools/bin/../lib/gcc/arm-none-eabi/9.3.1/../../../../arm-none-eabi/lib/thumb/v7e-m+fp/hard/libc_nano.a(lib_a-exit.o) (_global_impure_ptr)
/opt/st/stm32cubeide_1.7.0/plugins/com.st.stm32cube.ide.mcu.externaltools.gnu-tools-for-stm32.9-2020-q2-update.linux64_2.0.0.202105311346/tools/bin/../lib/gcc/arm-none-eabi/9.3.1/../../../../arm-none-eabi/lib/thumb/v7e-m+fp/hard/libc_nano.a(lib_a-init.o)
                              /opt/st/stm32cubeide_1.7.0/plugins/com.st.stm32cube.ide.mcu.externaltools.gnu-tools-for-stm32.9-2020-q2-update.linux64_2.0.0.202105311346/tools/bin/../lib/gcc/arm-none-eabi/9.3.1/../../../../arm-none-eabi/lib/thumb/v7e-m+fp/hard/crt0.o (__libc_init_array)
/opt/st/stm32cubeide_1.7.0/plugins/com.st.stm32cube.ide.mcu.externaltools.gnu-tools-for-stm32.9-2020-q2-update.linux64_2.0.0.202105311346/tools/bin/../lib/gcc/arm-none-eabi/9.3.1/../../../../arm-none-eabi/lib/thumb/v7e-m+fp/hard/libc_nano.a(lib_a-memcmp.o)
                              ./ThirdParty/SEGGER/OS/SEGGER_SYSVIEW_FreeRTOS.o (memcmp)
/opt/st/stm32cubeide_1.7.0/plugins/com.st.stm32cube.ide.mcu.externaltools.gnu-tools-for-stm32.9-2020-q2-update.linux64_2.0.0.202105311346/tools/bin/../lib/gcc/arm-none-eabi/9.3.1/../../../../arm-none-eabi/lib/thumb/v7e-m+fp/hard/libc_nano.a(lib_a-memcpy-stub.o)
                              ./ThirdParty/FreeRTOS/queue.o (memcpy)
/opt/st/stm32cubeide_1.7.0/plugins/com.st.stm32cube.ide.mcu.externaltools.gnu-tools-for-stm32.9-2020-q2-update.linux64_2.0.0.202105311346/tools/bin/../lib/gcc/arm-none-eabi/9.3.1/../../../../arm-none-eabi/lib/thumb/v7e-m+fp/hard/libc_nano.a(lib_a-memset.o)
                              /opt/st/stm32cubeide_1.7.0/plugins/com.st.stm32cube.ide.mcu.externaltools.gnu-tools-for-stm32.9-2020-q2-update.linux64_2.0.0.202105311346/tools/bin/../lib/gcc/arm-none-eabi/9.3.1/../../../../arm-none-eabi/lib/thumb/v7e-m+fp/hard/crt0.o (memset)
/opt/st/stm32cubeide_1.7.0/plugins/com.st.stm32cube.ide.mcu.externaltools.gnu-tools-for-stm32.9-2020-q2-update.linux64_2.0.0.202105311346/tools/bin/../lib/gcc/arm-none-eabi/9.3.1/../../../../arm-none-eabi/lib/thumb/v7e-m+fp/hard/libc_nano.a(lib_a-strlen.o)
                              ./ThirdParty/SEGGER/SEGGER/SEGGER_RTT.o (strlen)
/opt/st/stm32cubeide_1.7.0/plugins/com.st.stm32cube.ide.mcu.externaltools.gnu-tools-for-stm32.9-2020-q2-update.linux64_2.0.0.202105311346/tools/bin/../lib/gcc/arm-none-eabi/9.3.1/thumb/v7e-m+fp/hard/libgcc.a(_aeabi_uldivmod.o)
                              ./Drivers/STM32F4xx_HAL_Driver/Src/stm32f4xx_hal_rcc.o (__aeabi_uldivmod)
/opt/st/stm32cubeide_1.7.0/plugins/com.st.stm32cube.ide.mcu.externaltools.gnu-tools-for-stm32.9-2020-q2-update.linux64_2.0.0.202105311346/tools/bin/../lib/gcc/arm-none-eabi/9.3.1/thumb/v7e-m+fp/hard/libgcc.a(_udivmoddi4.o)
                              /opt/st/stm32cubeide_1.7.0/plugins/com.st.stm32cube.ide.mcu.externaltools.gnu-tools-for-stm32.9-2020-q2-update.linux64_2.0.0.202105311346/tools/bin/../lib/gcc/arm-none-eabi/9.3.1/thumb/v7e-m+fp/hard/libgcc.a(_aeabi_uldivmod.o) (__udivmoddi4)
/opt/st/stm32cubeide_1.7.0/plugins/com.st.stm32cube.ide.mcu.externaltools.gnu-tools-for-stm32.9-2020-q2-update.linux64_2.0.0.202105311346/tools/bin/../lib/gcc/arm-none-eabi/9.3.1/thumb/v7e-m+fp/hard/libgcc.a(_dvmd_tls.o)
                              /opt/st/stm32cubeide_1.7.0/plugins/com.st.stm32cube.ide.mcu.externaltools.gnu-tools-for-stm32.9-2020-q2-update.linux64_2.0.0.202105311346/tools/bin/../lib/gcc/arm-none-eabi/9.3.1/thumb/v7e-m+fp/hard/libgcc.a(_aeabi_uldivmod.o) (__aeabi_ldiv0)

Allocating common symbols
Common symbol       size              file

SEGGER_SYSVIEW_InterruptId
[...]
Memory Configuration

Name             Origin             Length             Attributes
RAM              0x0000000020000000 0x0000000000018000 xrw
FLASH            0x0000000008000000 0x0000000000080000 xr
*default*        0x0000000000000000 0xffffffffffffffff

Linker script and memory map

LOAD /opt/st/stm32cubeide_1.7.0/plugins/com.st.stm32cube.ide.mcu.externaltools.gnu-tools-for-stm32.9-2020-q2-update.linux64_2.0.0.202105311346/tools/bin/../lib/gcc/arm-none-eabi/9.3.1/thumb/v7e-m+fp/hard/crti.o
LOAD /opt/st/stm32cubeide_1.7.0/plugins/com.st.stm32cube.ide.mcu.externaltools.gnu-tools-for-stm32.9-2020-q2-update.linux64_2.0.0.202105311346/tools/bin/../lib/gcc/arm-none-eabi/9.3.1/thumb/v7e-m+fp/hard/crtbegin.o
LOAD /opt/st/stm32cubeide_1.7.0/plugins/com.st.stm32cube.ide.mcu.externaltools.gnu-tools-for-stm32.9-2020-q2-update.linux64_2.0.0.202105311346/tools/bin/../lib/gcc/arm-none-eabi/9.3.1/../../../../arm-none-eabi/lib/thumb/v7e-m+fp/hard/crt0.o
LOAD ./Core/Src/main.o
LOAD ./Core/Src/stm32f4xx_hal_msp.o
LOAD ./Core/Src/stm32f4xx_hal_timebase_tim.o
LOAD ./Core/Src/stm32f4xx_it.o
LOAD ./Core/Src/syscalls.o
LOAD ./Core/Src/system_stm32f4xx.o
LOAD ./Core/Startup/startup_stm32f401retx.o
LOAD ./Drivers/STM32F4xx_HAL_Driver/Src/stm32f4xx_hal.o
LOAD ./Drivers/STM32F4xx_HAL_Driver/Src/stm32f4xx_hal_cortex.o
LOAD ./Drivers/STM32F4xx_HAL_Driver/Src/stm32f4xx_hal_dma.o
LOAD ./Drivers/STM32F4xx_HAL_Driver/Src/stm32f4xx_hal_dma_ex.o
LOAD ./Drivers/STM32F4xx_HAL_Driver/Src/stm32f4xx_hal_exti.o
LOAD ./Drivers/STM32F4xx_HAL_Driver/Src/stm32f4xx_hal_flash.o
LOAD ./Drivers/STM32F4xx_HAL_Driver/Src/stm32f4xx_hal_flash_ex.o
LOAD ./Drivers/STM32F4xx_HAL_Driver/Src/stm32f4xx_hal_flash_ramfunc.o
LOAD ./Drivers/STM32F4xx_HAL_Driver/Src/stm32f4xx_hal_gpio.o
LOAD ./Drivers/STM32F4xx_HAL_Driver/Src/stm32f4xx_hal_pwr.o
LOAD ./Drivers/STM32F4xx_HAL_Driver/Src/stm32f4xx_hal_pwr_ex.o
LOAD ./Drivers/STM32F4xx_HAL_Driver/Src/stm32f4xx_hal_rcc.o
LOAD ./Drivers/STM32F4xx_HAL_Driver/Src/stm32f4xx_hal_rcc_ex.o
LOAD ./Drivers/STM32F4xx_HAL_Driver/Src/stm32f4xx_hal_tim.o
LOAD ./Drivers/STM32F4xx_HAL_Driver/Src/stm32f4xx_hal_tim_ex.o
LOAD ./Drivers/STM32F4xx_HAL_Driver/Src/stm32f4xx_hal_uart.o
LOAD ./ThirdParty/FreeRTOS/croutine.o
LOAD ./ThirdParty/FreeRTOS/event_groups.o
LOAD ./ThirdParty/FreeRTOS/list.o
LOAD ./ThirdParty/FreeRTOS/queue.o
LOAD ./ThirdParty/FreeRTOS/stream_buffer.o
LOAD ./ThirdParty/FreeRTOS/tasks.o
LOAD ./ThirdParty/FreeRTOS/timers.o
LOAD ./ThirdParty/FreeRTOS/portable/GCC/ARM_CM4F/port.o
LOAD ./ThirdParty/FreeRTOS/portable/MemMang/heap_4.o
LOAD ./ThirdParty/SEGGER/Config/SEGGER_SYSVIEW_Config_FreeRTOS.o
LOAD ./ThirdParty/SEGGER/OS/SEGGER_SYSVIEW_FreeRTOS.o
LOAD ./ThirdParty/SEGGER/Rec/segger_uart.o
LOAD ./ThirdParty/SEGGER/SEGGER/SEGGER_RTT.o
LOAD ./ThirdParty/SEGGER/SEGGER/SEGGER_RTT_ASM_ARMv7M.o
LOAD ./ThirdParty/SEGGER/SEGGER/SEGGER_RTT_printf.o
LOAD ./ThirdParty/SEGGER/SEGGER/SEGGER_SYSVIEW.o
LOAD ./ThirdParty/SEGGER/SEGGER/Syscalls/SEGGER_RTT_Syscalls_GCC.o
START GROUP
LOAD /opt/st/stm32cubeide_1.7.0/plugins/com.st.stm32cube.ide.mcu.externaltools.gnu-tools-for-stm32.9-2020-q2-update.linux64_2.0.0.202105311346/tools/bin/../lib/gcc/arm-none-eabi/9.3.1/../../../../arm-none-eabi/lib/thumb/v7e-m+fp/hard/libc_nano.a
LOAD /opt/st/stm32cubeide_1.7.0/plugins/com.st.stm32cube.ide.mcu.externaltools.gnu-tools-for-stm32.9-2020-q2-update.linux64_2.0.0.202105311346/tools/bin/../lib/gcc/arm-none-eabi/9.3.1/../../../../arm-none-eabi/lib/thumb/v7e-m+fp/hard/libm.a
END GROUP
START GROUP
LOAD /opt/st/stm32cubeide_1.7.0/plugins/com.st.stm32cube.ide.mcu.externaltools.gnu-tools-for-stm32.9-2020-q2-update.linux64_2.0.0.202105311346/tools/bin/../lib/gcc/arm-none-eabi/9.3.1/thumb/v7e-m+fp/hard/libgcc.a
LOAD /opt/st/stm32cubeide_1.7.0/plugins/com.st.stm32cube.ide.mcu.externaltools.gnu-tools-for-stm32.9-2020-q2-update.linux64_2.0.0.202105311346/tools/bin/../lib/gcc/arm-none-eabi/9.3.1/../../../../arm-none-eabi/lib/thumb/v7e-m+fp/hard/libc_nano.a
END GROUP
START GROUP
LOAD /opt/st/stm32cubeide_1.7.0/plugins/com.st.stm32cube.ide.mcu.externaltools.gnu-tools-for-stm32.9-2020-q2-update.linux64_2.0.0.202105311346/tools/bin/../lib/gcc/arm-none-eabi/9.3.1/thumb/v7e-m+fp/hard/libgcc.a
LOAD /opt/st/stm32cubeide_1.7.0/plugins/com.st.stm32cube.ide.mcu.externaltools.gnu-tools-for-stm32.9-2020-q2-update.linux64_2.0.0.202105311346/tools/bin/../lib/gcc/arm-none-eabi/9.3.1/../../../../arm-none-eabi/lib/thumb/v7e-m+fp/hard/libc_nano.a
LOAD /opt/st/stm32cubeide_1.7.0/plugins/com.st.stm32cube.ide.mcu.externaltools.gnu-tools-for-stm32.9-2020-q2-update.linux64_2.0.0.202105311346/tools/bin/../lib/gcc/arm-none-eabi/9.3.1/../../../../arm-none-eabi/lib/thumb/v7e-m+fp/hard/libnosys.a
END GROUP
START GROUP
LOAD /opt/st/stm32cubeide_1.7.0/plugins/com.st.stm32cube.ide.mcu.externaltools.gnu-tools-for-stm32.9-2020-q2-update.linux64_2.0.0.202105311346/tools/bin/../lib/gcc/arm-none-eabi/9.3.1/thumb/v7e-m+fp/hard/libgcc.a
LOAD /opt/st/stm32cubeide_1.7.0/plugins/com.st.stm32cube.ide.mcu.externaltools.gnu-tools-for-stm32.9-2020-q2-update.linux64_2.0.0.202105311346/tools/bin/../lib/gcc/arm-none-eabi/9.3.1/../../../../arm-none-eabi/lib/thumb/v7e-m+fp/hard/libc_nano.a
LOAD /opt/st/stm32cubeide_1.7.0/plugins/com.st.stm32cube.ide.mcu.externaltools.gnu-tools-for-stm32.9-2020-q2-update.linux64_2.0.0.202105311346/tools/bin/../lib/gcc/arm-none-eabi/9.3.1/../../../../arm-none-eabi/lib/thumb/v7e-m+fp/hard/libnosys.a
END GROUP
LOAD /opt/st/stm32cubeide_1.7.0/plugins/com.st.stm32cube.ide.mcu.externaltools.gnu-tools-for-stm32.9-2020-q2-update.linux64_2.0.0.202105311346/tools/bin/../lib/gcc/arm-none-eabi/9.3.1/thumb/v7e-m+fp/hard/crtend.o
LOAD /opt/st/stm32cubeide_1.7.0/plugins/com.st.stm32cube.ide.mcu.externaltools.gnu-tools-for-stm32.9-2020-q2-update.linux64_2.0.0.202105311346/tools/bin/../lib/gcc/arm-none-eabi/9.3.1/thumb/v7e-m+fp/hard/crtn.o
                0x0000000020018000                _estack = (ORIGIN (RAM) + LENGTH (RAM))
                0x0000000000000200                _Min_Heap_Size = 0x200
                0x0000000000000400                _Min_Stack_Size = 0x400

.isr_vector     0x0000000008000000      0x194
                0x0000000008000000                . = ALIGN (0x4)
 *(.isr_vector)
 .isr_vector    0x0000000008000000      0x194 ./Core/Startup/startup_stm32f401retx.o
                0x0000000008000000                g_pfnVectors
                0x0000000008000194                . = ALIGN (0x4)

.text           0x00000000080001a0     0x6df8
                0x00000000080001a0                . = ALIGN (0x4)
 *(.text)
 .text          0x00000000080001a0       0x40 /opt/st/stm32cubeide_1.7.0/plugins/com.st.stm32cube.ide.mcu.externaltools.gnu-tools-for-stm32.9-2020-q2-update.linux64_2.0.0.202105311346/tools/bin/../lib/gcc/arm-none-eabi/9.3.1/thumb/v7e-m+fp/hard/crtbegin.o
 .text          0x00000000080001e0       0x94 ./ThirdParty/SEGGER/SEGGER/SEGGER_RTT_ASM_ARMv7M.o
                0x00000000080001e0                SEGGER_RTT_ASM_WriteSkipNoLock
 .text          0x0000000008000274       0x30 /opt/st/stm32cubeide_1.7.0/plugins/com.st.stm32cube.ide.mcu.externaltools.gnu-tools-for-stm32.9-2020-q2-update.linux64_2.0.0.202105311346/tools/bin/../lib/gcc/arm-none-eabi/9.3.1/thumb/v7e-m+fp/hard/libgcc.a(_aeabi_uldivmod.o)
                0x0000000008000274                __aeabi_uldivmod
 .text          0x00000000080002a4      0x2c4 /opt/st/stm32cubeide_1.7.0/plugins/com.st.stm32cube.ide.mcu.externaltools.gnu-tools-for-stm32.9-2020-q2-update.linux64_2.0.0.202105311346/tools/bin/../lib/gcc/arm-none-eabi/9.3.1/thumb/v7e-m+fp/hard/libgcc.a(_udivmoddi4.o)
                0x00000000080002a4                __udivmoddi4
 .text          0x0000000008000568        0x4 /opt/st/stm32cubeide_1.7.0/plugins/com.st.stm32cube.ide.mcu.externaltools.gnu-tools-for-stm32.9-2020-q2-update.linux64_2.0.0.202105311346/tools/bin/../lib/gcc/arm-none-eabi/9.3.1/thumb/v7e-m+fp/hard/libgcc.a(_dvmd_tls.o)
                0x0000000008000568                __aeabi_ldiv0
                0x0000000008000568                __aeabi_idiv0
 *(.text*)
 .text.main     0x000000000800056c      0x128 ./Core/Src/main.o
                0x000000000800056c                main
 .text.SystemClock_Config
                0x0000000008000694       0xd4 ./Core/Src/main.o
                0x0000000008000694                SystemClock_Config
 .text.MX_USART2_UART_Init
                0x0000000008000768       0x54 ./Core/Src/main.o
 .text.MX_GPIO_Init
                0x00000000080007bc      0x10c ./Core/Src/main.o
 .text.led_green_handler
                0x00000000080008c8       0x20 ./Core/Src/main.o
 .text.led_orange_handler
                0x00000000080008e8       0x20 ./Core/Src/main.o
 .text.led_red_handler
                0x0000000008000908       0x20 ./Core/Src/main.o
 .text.led_blue_handler
                0x0000000008000928       0x20 ./Core/Src/main.o
 .text.HAL_TIM_PeriodElapsedCallback
                0x0000000008000948       0x24 ./Core/Src/main.o
                0x0000000008000948                HAL_TIM_PeriodElapsedCallback
 .text.Error_Handler
                0x000000000800096c        0xa ./Core/Src/main.o
                0x000000000800096c                Error_Handler
 *fill*         0x0000000008000976        0x2 
 .text.HAL_MspInit
                0x0000000008000978       0x50 ./Core/Src/stm32f4xx_hal_msp.o
                0x0000000008000978                HAL_MspInit
 .text.HAL_UART_MspInit
                0x00000000080009c8       0xb0 ./Core/Src/stm32f4xx_hal_msp.o
                0x00000000080009c8                HAL_UART_MspInit
 .text.HAL_InitTick
                0x0000000008000a78       0xb4 ./Core/Src/stm32f4xx_hal_timebase_tim.o
                0x0000000008000a78                HAL_InitTick
 .text.NMI_Handler
                0x0000000008000b2c        0x6 ./Core/Src/stm32f4xx_it.o
                0x0000000008000b2c                NMI_Handler
 .text.HardFault_Handler
                0x0000000008000b32        0x6 ./Core/Src/stm32f4xx_it.o
                0x0000000008000b32                HardFault_Handler
 .text.MemManage_Handler
                0x0000000008000b38        0x6 ./Core/Src/stm32f4xx_it.o
                0x0000000008000b38                MemManage_Handler
 .text.BusFault_Handler
                0x0000000008000b3e        0x6 ./Core/Src/stm32f4xx_it.o
                0x0000000008000b3e                BusFault_Handler
 .text.UsageFault_Handler
                0x0000000008000b44        0x6 ./Core/Src/stm32f4xx_it.o
                0x0000000008000b44                UsageFault_Handler
 .text.DebugMon_Handler
                0x0000000008000b4a        0xe ./Core/Src/stm32f4xx_it.o
                0x0000000008000b4a                DebugMon_Handler
 .text.TIM5_IRQHandler
                0x0000000008000b58       0x14 ./Core/Src/stm32f4xx_it.o
                0x0000000008000b58                TIM5_IRQHandler
 .text.SystemInit
                0x0000000008000b6c       0x24 ./Core/Src/system_stm32f4xx.o
                0x0000000008000b6c                SystemInit
 .text.Reset_Handler
                0x0000000008000b90       0x50 ./Core/Startup/startup_stm32f401retx.o
                0x0000000008000b90                Reset_Handler
 .text.Default_Handler
                0x0000000008000be0        0x2 ./Core/Startup/startup_stm32f401retx.o
                0x0000000008000be0                RTC_Alarm_IRQHandler
                0x0000000008000be0                EXTI2_IRQHandler
                0x0000000008000be0                SPI4_IRQHandler
                0x0000000008000be0                TIM1_CC_IRQHandler
                0x0000000008000be0                DMA2_Stream5_IRQHandler
                0x0000000008000be0                DMA1_Stream5_IRQHandler
                0x0000000008000be0                PVD_IRQHandler
                0x0000000008000be0                SDIO_IRQHandler
                0x0000000008000be0                TAMP_STAMP_IRQHandler
                0x0000000008000be0                EXTI3_IRQHandler
                0x0000000008000be0                TIM1_UP_TIM10_IRQHandler
                0x0000000008000be0                I2C3_ER_IRQHandler
                0x0000000008000be0                EXTI0_IRQHandler
                0x0000000008000be0                I2C2_EV_IRQHandler
                0x0000000008000be0                DMA1_Stream2_IRQHandler
                0x0000000008000be0                FPU_IRQHandler
                0x0000000008000be0                DMA2_Stream2_IRQHandler
                0x0000000008000be0                SPI1_IRQHandler
                0x0000000008000be0                TIM1_BRK_TIM9_IRQHandler
                0x0000000008000be0                DMA2_Stream3_IRQHandler
                0x0000000008000be0                USART6_IRQHandler
                0x0000000008000be0                DMA2_Stream0_IRQHandler
                0x0000000008000be0                TIM4_IRQHandler
                0x0000000008000be0                I2C1_EV_IRQHandler
                0x0000000008000be0                DMA1_Stream6_IRQHandler
                0x0000000008000be0                DMA1_Stream1_IRQHandler
                0x0000000008000be0                TIM3_IRQHandler
                0x0000000008000be0                RCC_IRQHandler
                0x0000000008000be0                Default_Handler
                0x0000000008000be0                EXTI15_10_IRQHandler
                0x0000000008000be0                ADC_IRQHandler
                0x0000000008000be0                DMA1_Stream7_IRQHandler
                0x0000000008000be0                DMA2_Stream7_IRQHandler
                0x0000000008000be0                I2C3_EV_IRQHandler
                0x0000000008000be0                EXTI9_5_IRQHandler
                0x0000000008000be0                RTC_WKUP_IRQHandler
                0x0000000008000be0                SPI2_IRQHandler
                0x0000000008000be0                DMA1_Stream0_IRQHandler
                0x0000000008000be0                EXTI4_IRQHandler
                0x0000000008000be0                WWDG_IRQHandler
                0x0000000008000be0                TIM2_IRQHandler
                0x0000000008000be0                OTG_FS_WKUP_IRQHandler
                0x0000000008000be0                TIM1_TRG_COM_TIM11_IRQHandler
                0x0000000008000be0                EXTI1_IRQHandler
                0x0000000008000be0                I2C2_ER_IRQHandler
                0x0000000008000be0                DMA2_Stream1_IRQHandler
                0x0000000008000be0                FLASH_IRQHandler
                0x0000000008000be0                DMA2_Stream4_IRQHandler
                0x0000000008000be0                USART1_IRQHandler
                0x0000000008000be0                OTG_FS_IRQHandler
                0x0000000008000be0                SPI3_IRQHandler
                0x0000000008000be0                DMA1_Stream4_IRQHandler
                0x0000000008000be0                I2C1_ER_IRQHandler
                0x0000000008000be0                DMA2_Stream6_IRQHandler
                0x0000000008000be0                DMA1_Stream3_IRQHandler
 *fill*         0x0000000008000be2        0x2 
 .text.HAL_Init
                0x0000000008000be4       0x44 ./Drivers/STM32F4xx_HAL_Driver/Src/stm32f4xx_hal.o
                0x0000000008000be4                HAL_Init
 .text.HAL_IncTick
                0x0000000008000c28       0x28 ./Drivers/STM32F4xx_HAL_Driver/Src/stm32f4xx_hal.o
                0x0000000008000c28                HAL_IncTick
 .text.HAL_GetTick
                0x0000000008000c50       0x18 ./Drivers/STM32F4xx_HAL_Driver/Src/stm32f4xx_hal.o
                0x0000000008000c50                HAL_GetTick
 .text.HAL_Delay
                0x0000000008000c68       0x48 ./Drivers/STM32F4xx_HAL_Driver/Src/stm32f4xx_hal.o
                0x0000000008000c68                HAL_Delay
 .text.__NVIC_SetPriorityGrouping
                0x0000000008000cb0       0x48 ./Drivers/STM32F4xx_HAL_Driver/Src/stm32f4xx_hal_cortex.o
 .text.__NVIC_GetPriorityGrouping
                0x0000000008000cf8       0x1c ./Drivers/STM32F4xx_HAL_Driver/Src/stm32f4xx_hal_cortex.o
 .text.__NVIC_EnableIRQ
                0x0000000008000d14       0x3c ./Drivers/STM32F4xx_HAL_Driver/Src/stm32f4xx_hal_cortex.o
 .text.__NVIC_SetPriority
                0x0000000008000d50       0x54 ./Drivers/STM32F4xx_HAL_Driver/Src/stm32f4xx_hal_cortex.o
 .text.NVIC_EncodePriority
                0x0000000008000da4       0x66 ./Drivers/STM32F4xx_HAL_Driver/Src/stm32f4xx_hal_cortex.o
 .text.HAL_NVIC_SetPriorityGrouping
                0x0000000008000e0a       0x16 ./Drivers/STM32F4xx_HAL_Driver/Src/stm32f4xx_hal_cortex.o
                0x0000000008000e0a                HAL_NVIC_SetPriorityGrouping
 .text.HAL_NVIC_SetPriority
                0x0000000008000e20       0x38 ./Drivers/STM32F4xx_HAL_Driver/Src/stm32f4xx_hal_cortex.o
                0x0000000008000e20                HAL_NVIC_SetPriority
 .text.HAL_NVIC_EnableIRQ
                0x0000000008000e58       0x1c ./Drivers/STM32F4xx_HAL_Driver/Src/stm32f4xx_hal_cortex.o
                0x0000000008000e58                HAL_NVIC_EnableIRQ
 .text.HAL_GPIO_Init
                0x0000000008000e74      0x308 ./Drivers/STM32F4xx_HAL_Driver/Src/stm32f4xx_hal_gpio.o
                0x0000000008000e74                HAL_GPIO_Init
 .text.HAL_GPIO_WritePin
                0x000000000800117c       0x32 ./Drivers/STM32F4xx_HAL_Driver/Src/stm32f4xx_hal_gpio.o
                0x000000000800117c                HAL_GPIO_WritePin
 .text.HAL_GPIO_TogglePin
                0x00000000080011ae       0x34 ./Drivers/STM32F4xx_HAL_Driver/Src/stm32f4xx_hal_gpio.o
                0x00000000080011ae                HAL_GPIO_TogglePin
 *fill*         0x00000000080011e2        0x2 
 .text.HAL_RCC_OscConfig
                0x00000000080011e4      0x4f0 ./Drivers/STM32F4xx_HAL_Driver/Src/stm32f4xx_hal_rcc.o
                0x00000000080011e4                HAL_RCC_OscConfig
 .text.HAL_RCC_ClockConfig
                0x00000000080016d4      0x1cc ./Drivers/STM32F4xx_HAL_Driver/Src/stm32f4xx_hal_rcc.o
                0x00000000080016d4                HAL_RCC_ClockConfig
 .text.HAL_RCC_GetSysClockFreq
                0x00000000080018a0      0x1c4 ./Drivers/STM32F4xx_HAL_Driver/Src/stm32f4xx_hal_rcc.o
                0x00000000080018a0                HAL_RCC_GetSysClockFreq
 .text.HAL_RCC_GetHCLKFreq
                0x0000000008001a64       0x18 ./Drivers/STM32F4xx_HAL_Driver/Src/stm32f4xx_hal_rcc.o
                0x0000000008001a64                HAL_RCC_GetHCLKFreq
 .text.HAL_RCC_GetPCLK1Freq
                0x0000000008001a7c       0x28 ./Drivers/STM32F4xx_HAL_Driver/Src/stm32f4xx_hal_rcc.o
                0x0000000008001a7c                HAL_RCC_GetPCLK1Freq
 .text.HAL_RCC_GetPCLK2Freq
                0x0000000008001aa4       0x28 ./Drivers/STM32F4xx_HAL_Driver/Src/stm32f4xx_hal_rcc.o
                0x0000000008001aa4                HAL_RCC_GetPCLK2Freq
 .text.HAL_RCC_GetClockConfig
                0x0000000008001acc       0x64 ./Drivers/STM32F4xx_HAL_Driver/Src/stm32f4xx_hal_rcc.o
                0x0000000008001acc                HAL_RCC_GetClockConfig
 .text.HAL_TIM_Base_Init
                0x0000000008001b30       0x9e ./Drivers/STM32F4xx_HAL_Driver/Src/stm32f4xx_hal_tim.o
                0x0000000008001b30                HAL_TIM_Base_Init
 .text.HAL_TIM_Base_MspInit
                0x0000000008001bce       0x14 ./Drivers/STM32F4xx_HAL_Driver/Src/stm32f4xx_hal_tim.o
                0x0000000008001bce                HAL_TIM_Base_MspInit
 *fill*         0x0000000008001be2        0x2 
 .text.HAL_TIM_Base_Start_IT
                0x0000000008001be4       0xc4 ./Drivers/STM32F4xx_HAL_Driver/Src/stm32f4xx_hal_tim.o
                0x0000000008001be4                HAL_TIM_Base_Start_IT
 .text.HAL_TIM_IRQHandler
                0x0000000008001ca8      0x210 ./Drivers/STM32F4xx_HAL_Driver/Src/stm32f4xx_hal_tim.o
                0x0000000008001ca8                HAL_TIM_IRQHandler
 .text.HAL_TIM_OC_DelayElapsedCallback
                0x0000000008001eb8       0x14 ./Drivers/STM32F4xx_HAL_Driver/Src/stm32f4xx_hal_tim.o
                0x0000000008001eb8                HAL_TIM_OC_DelayElapsedCallback
 .text.HAL_TIM_IC_CaptureCallback
                0x0000000008001ecc       0x14 ./Drivers/STM32F4xx_HAL_Driver/Src/stm32f4xx_hal_tim.o
                0x0000000008001ecc                HAL_TIM_IC_CaptureCallback
 .text.HAL_TIM_PWM_PulseFinishedCallback
                0x0000000008001ee0       0x14 ./Drivers/STM32F4xx_HAL_Driver/Src/stm32f4xx_hal_tim.o
                0x0000000008001ee0                HAL_TIM_PWM_PulseFinishedCallback
 .text.HAL_TIM_TriggerCallback
                0x0000000008001ef4       0x14 ./Drivers/STM32F4xx_HAL_Driver/Src/stm32f4xx_hal_tim.o
                0x0000000008001ef4                HAL_TIM_TriggerCallback
 .text.TIM_Base_SetConfig
                0x0000000008001f08      0x100 ./Drivers/STM32F4xx_HAL_Driver/Src/stm32f4xx_hal_tim.o
                0x0000000008001f08                TIM_Base_SetConfig
 .text.HAL_TIMEx_CommutCallback
                0x0000000008002008       0x14 ./Drivers/STM32F4xx_HAL_Driver/Src/stm32f4xx_hal_tim_ex.o
                0x0000000008002008                HAL_TIMEx_CommutCallback
 .text.HAL_TIMEx_BreakCallback
                0x000000000800201c       0x14 ./Drivers/STM32F4xx_HAL_Driver/Src/stm32f4xx_hal_tim_ex.o
                0x000000000800201c                HAL_TIMEx_BreakCallback
 .text.HAL_UART_Init
                0x0000000008002030       0x9a ./Drivers/STM32F4xx_HAL_Driver/Src/stm32f4xx_hal_uart.o
                0x0000000008002030                HAL_UART_Init
 *fill*         0x00000000080020ca        0x2 
 .text.UART_SetConfig
                0x00000000080020cc      0x390 ./Drivers/STM32F4xx_HAL_Driver/Src/stm32f4xx_hal_uart.o
 .text.vListInitialise
                0x000000000800245c       0x40 ./ThirdParty/FreeRTOS/list.o
                0x000000000800245c                vListInitialise
 .text.vListInitialiseItem
                0x000000000800249c       0x1a ./ThirdParty/FreeRTOS/list.o
                0x000000000800249c                vListInitialiseItem
 .text.vListInsertEnd
                0x00000000080024b6       0x48 ./ThirdParty/FreeRTOS/list.o
                0x00000000080024b6                vListInsertEnd
 .text.vListInsert
                0x00000000080024fe       0x72 ./ThirdParty/FreeRTOS/list.o
                0x00000000080024fe                vListInsert
 .text.uxListRemove
                0x0000000008002570       0x54 ./ThirdParty/FreeRTOS/list.o
                0x0000000008002570                uxListRemove
 .text.xQueueGenericReset
                0x00000000080025c4       0xd0 ./ThirdParty/FreeRTOS/queue.o
                0x00000000080025c4                xQueueGenericReset
 .text.xQueueGenericCreate
                0x0000000008002694       0xbe ./ThirdParty/FreeRTOS/queue.o
                0x0000000008002694                xQueueGenericCreate
 .text.prvInitialiseNewQueue
                0x0000000008002752       0x52 ./ThirdParty/FreeRTOS/queue.o
 .text.xQueueGenericSend
                0x00000000080027a4      0x24c ./ThirdParty/FreeRTOS/queue.o
                0x00000000080027a4                xQueueGenericSend
 .text.xQueueGenericSendFromISR
                0x00000000080029f0      0x17c ./ThirdParty/FreeRTOS/queue.o
                0x00000000080029f0                xQueueGenericSendFromISR
 .text.xQueueReceive
                0x0000000008002b6c      0x220 ./ThirdParty/FreeRTOS/queue.o
                0x0000000008002b6c                xQueueReceive
 .text.prvCopyDataToQueue
                0x0000000008002d8c       0xd4 ./ThirdParty/FreeRTOS/queue.o
 .text.prvCopyDataFromQueue
                0x0000000008002e60       0x4c ./ThirdParty/FreeRTOS/queue.o
 .text.prvUnlockQueue
                0x0000000008002eac       0xa4 ./ThirdParty/FreeRTOS/queue.o
 .text.prvIsQueueEmpty
                0x0000000008002f50       0x2c ./ThirdParty/FreeRTOS/queue.o
 .text.prvIsQueueFull
                0x0000000008002f7c       0x30 ./ThirdParty/FreeRTOS/queue.o
 .text.vQueueAddToRegistry
                0x0000000008002fac       0x64 ./ThirdParty/FreeRTOS/queue.o
                0x0000000008002fac                vQueueAddToRegistry
 .text.vQueueWaitForMessageRestricted
                0x0000000008003010       0x68 ./ThirdParty/FreeRTOS/queue.o
                0x0000000008003010                vQueueWaitForMessageRestricted
 .text.xTaskCreate
                0x0000000008003078       0x82 ./ThirdParty/FreeRTOS/tasks.o
                0x0000000008003078                xTaskCreate
 .text.prvInitialiseNewTask
                0x00000000080030fa      0x12c ./ThirdParty/FreeRTOS/tasks.o
 *fill*         0x0000000008003226        0x2 
 .text.prvAddNewTaskToReadyList
                0x0000000008003228      0x118 ./ThirdParty/FreeRTOS/tasks.o
 .text.vTaskStartScheduler
                0x0000000008003340       0xc4 ./ThirdParty/FreeRTOS/tasks.o
                0x0000000008003340                vTaskStartScheduler
 .text.vTaskSuspendAll
                0x0000000008003404       0x1c ./ThirdParty/FreeRTOS/tasks.o
                0x0000000008003404                vTaskSuspendAll
 .text.xTaskResumeAll
                0x0000000008003420      0x140 ./ThirdParty/FreeRTOS/tasks.o
                0x0000000008003420                xTaskResumeAll
 .text.xTaskGetTickCount
                0x0000000008003560       0x20 ./ThirdParty/FreeRTOS/tasks.o
                0x0000000008003560                xTaskGetTickCount
 .text.xTaskGetTickCountFromISR
                0x0000000008003580       0x24 ./ThirdParty/FreeRTOS/tasks.o
                0x0000000008003580                xTaskGetTickCountFromISR
 .text.xTaskIncrementTick
                0x00000000080035a4      0x178 ./ThirdParty/FreeRTOS/tasks.o
                0x00000000080035a4                xTaskIncrementTick
 .text.vTaskSwitchContext
                0x000000000800371c       0xd4 ./ThirdParty/FreeRTOS/tasks.o
                0x000000000800371c                vTaskSwitchContext
 .text.vTaskPlaceOnEventList
                0x00000000080037f0       0x48 ./ThirdParty/FreeRTOS/tasks.o
                0x00000000080037f0                vTaskPlaceOnEventList
 .text.vTaskPlaceOnEventListRestricted
                0x0000000008003838       0x5c ./ThirdParty/FreeRTOS/tasks.o
                0x0000000008003838                vTaskPlaceOnEventListRestricted
 .text.xTaskRemoveFromEventList
                0x0000000008003894       0xcc ./ThirdParty/FreeRTOS/tasks.o
                0x0000000008003894                xTaskRemoveFromEventList
 .text.vTaskInternalSetTimeOutState
                0x0000000008003960       0x2c ./ThirdParty/FreeRTOS/tasks.o
                0x0000000008003960                vTaskInternalSetTimeOutState
 .text.xTaskCheckForTimeOut
                0x000000000800398c       0xcc ./ThirdParty/FreeRTOS/tasks.o
                0x000000000800398c                xTaskCheckForTimeOut
 .text.vTaskMissedYield
                0x0000000008003a58       0x18 ./ThirdParty/FreeRTOS/tasks.o
                0x0000000008003a58                vTaskMissedYield
 .text.prvIdleTask
                0x0000000008003a70       0x30 ./ThirdParty/FreeRTOS/tasks.o
 .text.prvInitialiseTaskLists
                0x0000000008003aa0       0x80 ./ThirdParty/FreeRTOS/tasks.o
 .text.prvCheckTasksWaitingTermination
                0x0000000008003b20       0x5c ./ThirdParty/FreeRTOS/tasks.o
 .text.prvDeleteTCB
                0x0000000008003b7c       0x20 ./ThirdParty/FreeRTOS/tasks.o
 .text.prvResetNextTaskUnblockTime
                0x0000000008003b9c       0x38 ./ThirdParty/FreeRTOS/tasks.o
 .text.xTaskGetSchedulerState
                0x0000000008003bd4       0x3c ./ThirdParty/FreeRTOS/tasks.o
                0x0000000008003bd4                xTaskGetSchedulerState
 .text.xTaskPriorityDisinherit
                0x0000000008003c10      0x100 ./ThirdParty/FreeRTOS/tasks.o
                0x0000000008003c10                xTaskPriorityDisinherit
 .text.prvAddCurrentTaskToDelayedList
                0x0000000008003d10       0xf0 ./ThirdParty/FreeRTOS/tasks.o
 .text.xTimerCreateTimerTask
                0x0000000008003e00       0x64 ./ThirdParty/FreeRTOS/timers.o
                0x0000000008003e00                xTimerCreateTimerTask
 .text.xTimerGenericCommand
                0x0000000008003e64       0x9c ./ThirdParty/FreeRTOS/timers.o
                0x0000000008003e64                xTimerGenericCommand
 .text.prvProcessExpiredTimer
                0x0000000008003f00       0x98 ./ThirdParty/FreeRTOS/timers.o
 .text.prvTimerTask
                0x0000000008003f98       0x24 ./ThirdParty/FreeRTOS/timers.o
 .text.prvProcessTimerOrBlockTask
                0x0000000008003fbc       0x9c ./ThirdParty/FreeRTOS/timers.o
 .text.prvGetNextExpireTime
                0x0000000008004058       0x48 ./ThirdParty/FreeRTOS/timers.o
 .text.prvSampleTimeNow
                0x00000000080040a0       0x40 ./ThirdParty/FreeRTOS/timers.o
 .text.prvInsertTimerInActiveList
                0x00000000080040e0       0x84 ./ThirdParty/FreeRTOS/timers.o
 .text.prvProcessReceivedCommands
                0x0000000008004164      0x18c ./ThirdParty/FreeRTOS/timers.o
 .text.prvSwitchTimerLists
                0x00000000080042f0       0xc8 ./ThirdParty/FreeRTOS/timers.o
 .text.prvCheckForValidListAndQueue
                0x00000000080043b8       0x6c ./ThirdParty/FreeRTOS/timers.o
 .text.pxPortInitialiseStack
                0x0000000008004424       0x68 ./ThirdParty/FreeRTOS/portable/GCC/ARM_CM4F/port.o
                0x0000000008004424                pxPortInitialiseStack
 .text.prvTaskExitError
                0x000000000800448c       0x58 ./ThirdParty/FreeRTOS/portable/GCC/ARM_CM4F/port.o
 *fill*         0x00000000080044e4        0xc 
 .text.SVC_Handler
                0x00000000080044f0       0x28 ./ThirdParty/FreeRTOS/portable/GCC/ARM_CM4F/port.o
                0x00000000080044f0                SVC_Handler
 .text.prvPortStartFirstTask
                0x0000000008004518       0x2c ./ThirdParty/FreeRTOS/portable/GCC/ARM_CM4F/port.o
 .text.xPortStartScheduler
                0x0000000008004544      0x144 ./ThirdParty/FreeRTOS/portable/GCC/ARM_CM4F/port.o
                0x0000000008004544                xPortStartScheduler
 .text.vInitPrioGroupValue
                0x0000000008004688       0xfc ./ThirdParty/FreeRTOS/portable/GCC/ARM_CM4F/port.o
                0x0000000008004688                vInitPrioGroupValue
 .text.vPortEnterCritical
                0x0000000008004784       0x60 ./ThirdParty/FreeRTOS/portable/GCC/ARM_CM4F/port.o
                0x0000000008004784                vPortEnterCritical
 .text.vPortExitCritical
                0x00000000080047e4       0x54 ./ThirdParty/FreeRTOS/portable/GCC/ARM_CM4F/port.o
                0x00000000080047e4                vPortExitCritical
 *fill*         0x0000000008004838        0x8 
 .text.PendSV_Handler
                0x0000000008004840       0x68 ./ThirdParty/FreeRTOS/portable/GCC/ARM_CM4F/port.o
                0x0000000008004840                PendSV_Handler
 .text.SysTick_Handler
                0x00000000080048a8       0x54 ./ThirdParty/FreeRTOS/portable/GCC/ARM_CM4F/port.o
                0x00000000080048a8                SysTick_Handler
 .text.vPortSetupTimerInterrupt
                0x00000000080048fc       0x48 ./ThirdParty/FreeRTOS/portable/GCC/ARM_CM4F/port.o
                0x00000000080048fc                vPortSetupTimerInterrupt
 .text.vPortEnableVFP
                0x0000000008004944       0x18 ./ThirdParty/FreeRTOS/portable/GCC/ARM_CM4F/port.o
 .text.vPortValidateInterruptPriority
                0x000000000800495c       0x80 ./ThirdParty/FreeRTOS/portable/GCC/ARM_CM4F/port.o
                0x000000000800495c                vPortValidateInterruptPriority
 .text.pvPortMalloc
                0x00000000080049dc      0x1c0 ./ThirdParty/FreeRTOS/portable/MemMang/heap_4.o
                0x00000000080049dc                pvPortMalloc
 .text.vPortFree
                0x0000000008004b9c       0xc4 ./ThirdParty/FreeRTOS/portable/MemMang/heap_4.o
                0x0000000008004b9c                vPortFree
 .text.prvHeapInit
                0x0000000008004c60       0xc4 ./ThirdParty/FreeRTOS/portable/MemMang/heap_4.o
 .text.prvInsertBlockIntoFreeList
                0x0000000008004d24       0xb4 ./ThirdParty/FreeRTOS/portable/MemMang/heap_4.o
 .text._cbSendSystemDesc
                0x0000000008004dd8       0x1c ./ThirdParty/SEGGER/Config/SEGGER_SYSVIEW_Config_FreeRTOS.o
 .text.SEGGER_SYSVIEW_Conf
                0x0000000008004df4       0x2c ./ThirdParty/SEGGER/Config/SEGGER_SYSVIEW_Config_FreeRTOS.o
                0x0000000008004df4                SEGGER_SYSVIEW_Conf
 .text._cbSendTaskList
                0x0000000008004e20       0x90 ./ThirdParty/SEGGER/OS/SEGGER_SYSVIEW_FreeRTOS.o
 .text._cbGetTime
                0x0000000008004eb0       0x78 ./ThirdParty/SEGGER/OS/SEGGER_SYSVIEW_FreeRTOS.o
 .text.SYSVIEW_AddTask
                0x0000000008004f28       0xd0 ./ThirdParty/SEGGER/OS/SEGGER_SYSVIEW_FreeRTOS.o
                0x0000000008004f28                SYSVIEW_AddTask
 .text.SYSVIEW_SendTaskInfo
                0x0000000008004ff8       0x42 ./ThirdParty/SEGGER/OS/SEGGER_SYSVIEW_FreeRTOS.o
                0x0000000008004ff8                SYSVIEW_SendTaskInfo
 *fill*         0x000000000800503a        0x2 
 .text.__NVIC_EnableIRQ
                0x000000000800503c       0x3c ./ThirdParty/SEGGER/Rec/segger_uart.o
 .text.__NVIC_SetPriority
                0x0000000008005078       0x54 ./ThirdParty/SEGGER/Rec/segger_uart.o
 .text._StartSysView
                0x00000000080050cc       0x1e ./ThirdParty/SEGGER/Rec/segger_uart.o
 *fill*         0x00000000080050ea        0x2 
 .text._cbOnUARTRx
                0x00000000080050ec       0x40 ./ThirdParty/SEGGER/Rec/segger_uart.o
 .text._cbOnUARTTx
                0x000000000800512c       0x64 ./ThirdParty/SEGGER/Rec/segger_uart.o
 .text.SEGGER_UART_init
                0x0000000008005190       0x24 ./ThirdParty/SEGGER/Rec/segger_uart.o
                0x0000000008005190                SEGGER_UART_init
 .text.USART2_IRQHandler
                0x00000000080051b4       0x94 ./ThirdParty/SEGGER/Rec/segger_uart.o
                0x00000000080051b4                USART2_IRQHandler
 .text.HIF_UART_EnableTXEInterrupt
                0x0000000008005248       0x20 ./ThirdParty/SEGGER/Rec/segger_uart.o
                0x0000000008005248                HIF_UART_EnableTXEInterrupt
 .text.HIF_UART_Init
                0x0000000008005268       0xf4 ./ThirdParty/SEGGER/Rec/segger_uart.o
                0x0000000008005268                HIF_UART_Init
 .text._DoInit  0x000000000800535c       0xb0 ./ThirdParty/SEGGER/SEGGER/SEGGER_RTT.o
 .text._WriteBlocking
                0x000000000800540c       0xba ./ThirdParty/SEGGER/SEGGER/SEGGER_RTT.o
 .text._WriteNoCheck
                0x00000000080054c6       0x90 ./ThirdParty/SEGGER/SEGGER/SEGGER_RTT.o
 .text._GetAvailWriteSpace
                0x0000000008005556       0x46 ./ThirdParty/SEGGER/SEGGER/SEGGER_RTT.o
 .text.SEGGER_RTT_ReadUpBufferNoLock
                0x000000000800559c      0x10c ./ThirdParty/SEGGER/SEGGER/SEGGER_RTT.o
                0x000000000800559c                SEGGER_RTT_ReadUpBufferNoLock
 .text.SEGGER_RTT_ReadNoLock
                0x00000000080056a8      0x10c ./ThirdParty/SEGGER/SEGGER/SEGGER_RTT.o
                0x00000000080056a8                SEGGER_RTT_ReadNoLock
 .text.SEGGER_RTT_WriteDownBufferNoLock
                0x00000000080057b4       0xa0 ./ThirdParty/SEGGER/SEGGER/SEGGER_RTT.o
                0x00000000080057b4                SEGGER_RTT_WriteDownBufferNoLock
 .text.SEGGER_RTT_WriteDownBuffer
                0x0000000008005854       0x4c ./ThirdParty/SEGGER/SEGGER/SEGGER_RTT.o
                0x0000000008005854                SEGGER_RTT_WriteDownBuffer
 .text.SEGGER_RTT_AllocUpBuffer
                0x00000000080058a0      0x108 ./ThirdParty/SEGGER/SEGGER/SEGGER_RTT.o
                0x00000000080058a0                SEGGER_RTT_AllocUpBuffer
 .text.SEGGER_RTT_ConfigDownBuffer
                0x00000000080059a8       0xe0 ./ThirdParty/SEGGER/SEGGER/SEGGER_RTT.o
                0x00000000080059a8                SEGGER_RTT_ConfigDownBuffer
 .text._EncodeStr
                0x0000000008005a88       0x9a ./ThirdParty/SEGGER/SEGGER/SEGGER_SYSVIEW.o
 .text._PreparePacket
                0x0000000008005b22       0x18 ./ThirdParty/SEGGER/SEGGER/SEGGER_SYSVIEW.o
 *fill*         0x0000000008005b3a        0x2 
 .text._HandleIncomingPacket
                0x0000000008005b3c       0xe4 ./ThirdParty/SEGGER/SEGGER/SEGGER_SYSVIEW.o
 .text._TrySendOverflowPacket
                0x0000000008005c20       0xe8 ./ThirdParty/SEGGER/SEGGER/SEGGER_SYSVIEW.o
 .text._SendPacket
                0x0000000008005d08      0x1d0 ./ThirdParty/SEGGER/SEGGER/SEGGER_SYSVIEW.o
 .text.SEGGER_SYSVIEW_Init
                0x0000000008005ed8       0x88 ./ThirdParty/SEGGER/SEGGER/SEGGER_SYSVIEW.o
                0x0000000008005ed8                SEGGER_SYSVIEW_Init
 .text.SEGGER_SYSVIEW_SetRAMBase
                0x0000000008005f60       0x20 ./ThirdParty/SEGGER/SEGGER/SEGGER_SYSVIEW.o
                0x0000000008005f60                SEGGER_SYSVIEW_SetRAMBase
 .text.SEGGER_SYSVIEW_RecordVoid
                0x0000000008005f80       0x3c ./ThirdParty/SEGGER/SEGGER/SEGGER_SYSVIEW.o
                0x0000000008005f80                SEGGER_SYSVIEW_RecordVoid
 .text.SEGGER_SYSVIEW_RecordU32
                0x0000000008005fbc       0x78 ./ThirdParty/SEGGER/SEGGER/SEGGER_SYSVIEW.o
                0x0000000008005fbc                SEGGER_SYSVIEW_RecordU32
 .text.SEGGER_SYSVIEW_RecordU32x2
                0x0000000008006034       0xb4 ./ThirdParty/SEGGER/SEGGER/SEGGER_SYSVIEW.o
                0x0000000008006034                SEGGER_SYSVIEW_RecordU32x2
 .text.SEGGER_SYSVIEW_RecordU32x3
                0x00000000080060e8       0xec ./ThirdParty/SEGGER/SEGGER/SEGGER_SYSVIEW.o
                0x00000000080060e8                SEGGER_SYSVIEW_RecordU32x3
 .text.SEGGER_SYSVIEW_RecordU32x4
                0x00000000080061d4      0x124 ./ThirdParty/SEGGER/SEGGER/SEGGER_SYSVIEW.o
                0x00000000080061d4                SEGGER_SYSVIEW_RecordU32x4
 .text.SEGGER_SYSVIEW_Start
                0x00000000080062f8      0x178 ./ThirdParty/SEGGER/SEGGER/SEGGER_SYSVIEW.o
                0x00000000080062f8                SEGGER_SYSVIEW_Start
 .text.SEGGER_SYSVIEW_Stop
                0x0000000008006470       0x4c ./ThirdParty/SEGGER/SEGGER/SEGGER_SYSVIEW.o
                0x0000000008006470                SEGGER_SYSVIEW_Stop
 .text.SEGGER_SYSVIEW_GetSysDesc
                0x00000000080064bc      0x134 ./ThirdParty/SEGGER/SEGGER/SEGGER_SYSVIEW.o
                0x00000000080064bc                SEGGER_SYSVIEW_GetSysDesc
 .text.SEGGER_SYSVIEW_SendTaskInfo
                0x00000000080065f0      0x1c8 ./ThirdParty/SEGGER/SEGGER/SEGGER_SYSVIEW.o
                0x00000000080065f0                SEGGER_SYSVIEW_SendTaskInfo
 .text.SEGGER_SYSVIEW_SendTaskList
                0x00000000080067b8       0x28 ./ThirdParty/SEGGER/SEGGER/SEGGER_SYSVIEW.o
                0x00000000080067b8                SEGGER_SYSVIEW_SendTaskList
 .text.SEGGER_SYSVIEW_SendSysDesc
                0x00000000080067e0       0x48 ./ThirdParty/SEGGER/SEGGER/SEGGER_SYSVIEW.o
                0x00000000080067e0                SEGGER_SYSVIEW_SendSysDesc
 .text.SEGGER_SYSVIEW_RecordSystime
                0x0000000008006828       0x64 ./ThirdParty/SEGGER/SEGGER/SEGGER_SYSVIEW.o
                0x0000000008006828                SEGGER_SYSVIEW_RecordSystime
 .text.SEGGER_SYSVIEW_RecordEnterISR
                0x000000000800688c       0x84 ./ThirdParty/SEGGER/SEGGER/SEGGER_SYSVIEW.o
                0x000000000800688c                SEGGER_SYSVIEW_RecordEnterISR
 .text.SEGGER_SYSVIEW_RecordExitISR
                0x0000000008006910       0x38 ./ThirdParty/SEGGER/SEGGER/SEGGER_SYSVIEW.o
                0x0000000008006910                SEGGER_SYSVIEW_RecordExitISR
 .text.SEGGER_SYSVIEW_RecordExitISRToScheduler
                0x0000000008006948       0x38 ./ThirdParty/SEGGER/SEGGER/SEGGER_SYSVIEW.o
                0x0000000008006948                SEGGER_SYSVIEW_RecordExitISRToScheduler
 .text.SEGGER_SYSVIEW_OnIdle
                0x0000000008006980       0x38 ./ThirdParty/SEGGER/SEGGER/SEGGER_SYSVIEW.o
                0x0000000008006980                SEGGER_SYSVIEW_OnIdle
 .text.SEGGER_SYSVIEW_OnTaskCreate
                0x00000000080069b8       0x84 ./ThirdParty/SEGGER/SEGGER/SEGGER_SYSVIEW.o
                0x00000000080069b8                SEGGER_SYSVIEW_OnTaskCreate
 .text.SEGGER_SYSVIEW_OnTaskStartExec
                0x0000000008006a3c       0x84 ./ThirdParty/SEGGER/SEGGER/SEGGER_SYSVIEW.o
                0x0000000008006a3c                SEGGER_SYSVIEW_OnTaskStartExec
 .text.SEGGER_SYSVIEW_OnTaskStartReady
                0x0000000008006ac0       0x84 ./ThirdParty/SEGGER/SEGGER/SEGGER_SYSVIEW.o
                0x0000000008006ac0                SEGGER_SYSVIEW_OnTaskStartReady
 .text.SEGGER_SYSVIEW_OnTaskStopReady
                0x0000000008006b44       0xc0 ./ThirdParty/SEGGER/SEGGER/SEGGER_SYSVIEW.o
                0x0000000008006b44                SEGGER_SYSVIEW_OnTaskStopReady
 .text.SEGGER_SYSVIEW_ShrinkId
                0x0000000008006c04       0x20 ./ThirdParty/SEGGER/SEGGER/SEGGER_SYSVIEW.o
                0x0000000008006c04                SEGGER_SYSVIEW_ShrinkId
 .text.SEGGER_SYSVIEW_SendModule
                0x0000000008006c24      0x100 ./ThirdParty/SEGGER/SEGGER/SEGGER_SYSVIEW.o
                0x0000000008006c24                SEGGER_SYSVIEW_SendModule
 .text.SEGGER_SYSVIEW_SendModuleDescription
                0x0000000008006d24       0x3c ./ThirdParty/SEGGER/SEGGER/SEGGER_SYSVIEW.o
                0x0000000008006d24                SEGGER_SYSVIEW_SendModuleDescription
 .text.SEGGER_SYSVIEW_SendNumModules
                0x0000000008006d60       0x7c ./ThirdParty/SEGGER/SEGGER/SEGGER_SYSVIEW.o
                0x0000000008006d60                SEGGER_SYSVIEW_SendNumModules
 .text.SEGGER_SYSVIEW_Warn
                0x0000000008006ddc       0xb8 ./ThirdParty/SEGGER/SEGGER/SEGGER_SYSVIEW.o
                0x0000000008006ddc                SEGGER_SYSVIEW_Warn
 .text.SEGGER_SYSVIEW_IsStarted
                0x0000000008006e94       0x5c ./ThirdParty/SEGGER/SEGGER/SEGGER_SYSVIEW.o
                0x0000000008006e94                SEGGER_SYSVIEW_IsStarted
 .text.__libc_init_array
                0x0000000008006ef0       0x48 /opt/st/stm32cubeide_1.7.0/plugins/com.st.stm32cube.ide.mcu.externaltools.gnu-tools-for-stm32.9-2020-q2-update.linux64_2.0.0.202105311346/tools/bin/../lib/gcc/arm-none-eabi/9.3.1/../../../../arm-none-eabi/lib/thumb/v7e-m+fp/hard/libc_nano.a(lib_a-init.o)
                0x0000000008006ef0                __libc_init_array
 .text.memcmp   0x0000000008006f38       0x1c /opt/st/stm32cubeide_1.7.0/plugins/com.st.stm32cube.ide.mcu.externaltools.gnu-tools-for-stm32.9-2020-q2-update.linux64_2.0.0.202105311346/tools/bin/../lib/gcc/arm-none-eabi/9.3.1/../../../../arm-none-eabi/lib/thumb/v7e-m+fp/hard/libc_nano.a(lib_a-memcmp.o)
                0x0000000008006f38                memcmp
 .text.memcpy   0x0000000008006f54       0x1c /opt/st/stm32cubeide_1.7.0/plugins/com.st.stm32cube.ide.mcu.externaltools.gnu-tools-for-stm32.9-2020-q2-update.linux64_2.0.0.202105311346/tools/bin/../lib/gcc/arm-none-eabi/9.3.1/../../../../arm-none-eabi/lib/thumb/v7e-m+fp/hard/libc_nano.a(lib_a-memcpy-stub.o)
                0x0000000008006f54                memcpy
 .text.memset   0x0000000008006f70       0x10 /opt/st/stm32cubeide_1.7.0/plugins/com.st.stm32cube.ide.mcu.externaltools.gnu-tools-for-stm32.9-2020-q2-update.linux64_2.0.0.202105311346/tools/bin/../lib/gcc/arm-none-eabi/9.3.1/../../../../arm-none-eabi/lib/thumb/v7e-m+fp/hard/libc_nano.a(lib_a-memset.o)
                0x0000000008006f70                memset
 *(.glue_7)
 .glue_7        0x0000000008006f80        0x0 linker stubs
 *(.glue_7t)
 .glue_7t       0x0000000008006f80        0x0 linker stubs
 *(.eh_frame)
 .eh_frame      0x0000000008006f80        0x0 /opt/st/stm32cubeide_1.7.0/plugins/com.st.stm32cube.ide.mcu.externaltools.gnu-tools-for-stm32.9-2020-q2-update.linux64_2.0.0.202105311346/tools/bin/../lib/gcc/arm-none-eabi/9.3.1/thumb/v7e-m+fp/hard/crtbegin.o
 *(.init)
 .init          0x0000000008006f80        0x4 /opt/st/stm32cubeide_1.7.0/plugins/com.st.stm32cube.ide.mcu.externaltools.gnu-tools-for-stm32.9-2020-q2-update.linux64_2.0.0.202105311346/tools/bin/../lib/gcc/arm-none-eabi/9.3.1/thumb/v7e-m+fp/hard/crti.o
                0x0000000008006f80                _init
 .init          0x0000000008006f84        0x8 /opt/st/stm32cubeide_1.7.0/plugins/com.st.stm32cube.ide.mcu.externaltools.gnu-tools-for-stm32.9-2020-q2-update.linux64_2.0.0.202105311346/tools/bin/../lib/gcc/arm-none-eabi/9.3.1/thumb/v7e-m+fp/hard/crtn.o
 *(.fini)
 .fini          0x0000000008006f8c        0x4 /opt/st/stm32cubeide_1.7.0/plugins/com.st.stm32cube.ide.mcu.externaltools.gnu-tools-for-stm32.9-2020-q2-update.linux64_2.0.0.202105311346/tools/bin/../lib/gcc/arm-none-eabi/9.3.1/thumb/v7e-m+fp/hard/crti.o
                0x0000000008006f8c                _fini
 .fini          0x0000000008006f90        0x8 /opt/st/stm32cubeide_1.7.0/plugins/com.st.stm32cube.ide.mcu.externaltools.gnu-tools-for-stm32.9-2020-q2-update.linux64_2.0.0.202105311346/tools/bin/../lib/gcc/arm-none-eabi/9.3.1/thumb/v7e-m+fp/hard/crtn.o
                0x0000000008006f98                . = ALIGN (0x4)
                0x0000000008006f98                _etext = .

.vfp11_veneer   0x0000000008006f98        0x0
 .vfp11_veneer  0x0000000008006f98        0x0 linker stubs

.v4_bx          0x0000000008006f98        0x0
 .v4_bx         0x0000000008006f98        0x0 linker stubs

.iplt           0x0000000008006f98        0x0
 .iplt          0x0000000008006f98        0x0 /opt/st/stm32cubeide_1.7.0/plugins/com.st.stm32cube.ide.mcu.externaltools.gnu-tools-for-stm32.9-2020-q2-update.linux64_2.0.0.202105311346/tools/bin/../lib/gcc/arm-none-eabi/9.3.1/thumb/v7e-m+fp/hard/crtbegin.o

.rodata         0x0000000008006f98      0x144
                0x0000000008006f98                . = ALIGN (0x4)
 *(.rodata)
 .rodata        0x0000000008006f98       0x38 ./Core/Src/main.o
 .rodata        0x0000000008006fd0        0x5 ./ThirdParty/FreeRTOS/tasks.o
 *fill*         0x0000000008006fd5        0x3 
 .rodata        0x0000000008006fd8        0xd ./ThirdParty/FreeRTOS/timers.o
 *fill*         0x0000000008006fe5        0x3 
 .rodata        0x0000000008006fe8       0x49 ./ThirdParty/SEGGER/Config/SEGGER_SYSVIEW_Config_FreeRTOS.o
 *fill*         0x0000000008007031        0x3 
 .rodata        0x0000000008007034       0x58 ./ThirdParty/SEGGER/OS/SEGGER_SYSVIEW_FreeRTOS.o
 .rodata        0x000000000800708c       0x17 ./ThirdParty/SEGGER/SEGGER/SEGGER_RTT.o
 *fill*         0x00000000080070a3        0x1 
 .rodata        0x00000000080070a4        0x8 ./ThirdParty/SEGGER/SEGGER/SEGGER_SYSVIEW.o
 *(.rodata*)
 .rodata.AHBPrescTable
                0x00000000080070ac       0x10 ./Core/Src/system_stm32f4xx.o
                0x00000000080070ac                AHBPrescTable
 .rodata.APBPrescTable
                0x00000000080070bc        0x8 ./Core/Src/system_stm32f4xx.o
                0x00000000080070bc                APBPrescTable
 .rodata.SYSVIEW_X_OS_TraceAPI
                0x00000000080070c4        0x8 ./ThirdParty/SEGGER/OS/SEGGER_SYSVIEW_FreeRTOS.o
                0x00000000080070c4                SYSVIEW_X_OS_TraceAPI
 .rodata._abHelloMsg
                0x00000000080070cc        0x4 ./ThirdParty/SEGGER/Rec/segger_uart.o
 .rodata._abSync
                0x00000000080070d0        0xa ./ThirdParty/SEGGER/SEGGER/SEGGER_SYSVIEW.o
                0x00000000080070dc                . = ALIGN (0x4)
 *fill*         0x00000000080070da        0x2 

.ARM.extab      0x00000000080070dc        0x0
                0x00000000080070dc                . = ALIGN (0x4)
 *(.ARM.extab* .gnu.linkonce.armextab.*)
                0x00000000080070dc                . = ALIGN (0x4)

.ARM            0x00000000080070dc        0x8
                0x00000000080070dc                . = ALIGN (0x4)
                0x00000000080070dc                __exidx_start = .
 *(.ARM.exidx*)
 .ARM.exidx     0x00000000080070dc        0x8 /opt/st/stm32cubeide_1.7.0/plugins/com.st.stm32cube.ide.mcu.externaltools.gnu-tools-for-stm32.9-2020-q2-update.linux64_2.0.0.202105311346/tools/bin/../lib/gcc/arm-none-eabi/9.3.1/thumb/v7e-m+fp/hard/libgcc.a(_udivmoddi4.o)
                0x00000000080070e4                __exidx_end = .
                0x00000000080070e4                . = ALIGN (0x4)

.rel.dyn        0x00000000080070e4        0x0
 .rel.iplt      0x00000000080070e4        0x0 /opt/st/stm32cubeide_1.7.0/plugins/com.st.stm32cube.ide.mcu.externaltools.gnu-tools-for-stm32.9-2020-q2-update.linux64_2.0.0.202105311346/tools/bin/../lib/gcc/arm-none-eabi/9.3.1/thumb/v7e-m+fp/hard/crtbegin.o

.preinit_array  0x00000000080070e4        0x0
                0x00000000080070e4                . = ALIGN (0x4)
                0x00000000080070e4                PROVIDE (__preinit_array_start = .)
 *(.preinit_array*)
                0x00000000080070e4                PROVIDE (__preinit_array_end = .)
                0x00000000080070e4                . = ALIGN (0x4)

.init_array     0x00000000080070e4        0x4
                0x00000000080070e4                . = ALIGN (0x4)
                0x00000000080070e4                PROVIDE (__init_array_start = .)
 *(SORT_BY_NAME(.init_array.*))
 *(.init_array*)
 .init_array    0x00000000080070e4        0x4 /opt/st/stm32cubeide_1.7.0/plugins/com.st.stm32cube.ide.mcu.externaltools.gnu-tools-for-stm32.9-2020-q2-update.linux64_2.0.0.202105311346/tools/bin/../lib/gcc/arm-none-eabi/9.3.1/thumb/v7e-m+fp/hard/crtbegin.o
                0x00000000080070e8                PROVIDE (__init_array_end = .)
                0x00000000080070e8                . = ALIGN (0x4)

.fini_array     0x00000000080070e8        0x4
                0x00000000080070e8                . = ALIGN (0x4)
                [!provide]                        PROVIDE (__fini_array_start = .)
 *(SORT_BY_NAME(.fini_array.*))
 *(.fini_array*)
 .fini_array    0x00000000080070e8        0x4 /opt/st/stm32cubeide_1.7.0/plugins/com.st.stm32cube.ide.mcu.externaltools.gnu-tools-for-stm32.9-2020-q2-update.linux64_2.0.0.202105311346/tools/bin/../lib/gcc/arm-none-eabi/9.3.1/thumb/v7e-m+fp/hard/crtbegin.o
                [!provide]                        PROVIDE (__fini_array_end = .)
                0x00000000080070ec                . = ALIGN (0x4)
                0x00000000080070ec                _sidata = LOADADDR (.data)

.data           0x0000000020000000       0x1c load address 0x00000000080070ec
                0x0000000020000000                . = ALIGN (0x4)
                0x0000000020000000                _sdata = .
 *(.data)
 *(.data*)
 .data.SystemCoreClock
                0x0000000020000000        0x4 ./Core/Src/system_stm32f4xx.o
                0x0000000020000000                SystemCoreClock
 .data.uwTickPrio
                0x0000000020000004        0x4 ./Drivers/STM32F4xx_HAL_Driver/Src/stm32f4xx_hal.o
                0x0000000020000004                uwTickPrio
 .data.uwTickFreq
                0x0000000020000008        0x1 ./Drivers/STM32F4xx_HAL_Driver/Src/stm32f4xx_hal.o
                0x0000000020000008                uwTickFreq
 *fill*         0x0000000020000009        0x3 
 .data.uxTopUsedPriority
                0x000000002000000c        0x4 ./ThirdParty/FreeRTOS/tasks.o
                0x000000002000000c                uxTopUsedPriority
 .data.uxCriticalNesting
                0x0000000020000010        0x4 ./ThirdParty/FreeRTOS/portable/GCC/ARM_CM4F/port.o
 .data._SVInfo  0x0000000020000014        0x8 ./ThirdParty/SEGGER/Rec/segger_uart.o
 *(.RamFunc)
 *(.RamFunc*)
                0x000000002000001c                . = ALIGN (0x4)
                0x000000002000001c                _edata = .

.igot.plt       0x000000002000001c        0x0 load address 0x0000000008007108
 .igot.plt      0x000000002000001c        0x0 /opt/st/stm32cubeide_1.7.0/plugins/com.st.stm32cube.ide.mcu.externaltools.gnu-tools-for-stm32.9-2020-q2-update.linux64_2.0.0.202105311346/tools/bin/../lib/gcc/arm-none-eabi/9.3.1/thumb/v7e-m+fp/hard/crtbegin.o
                0x000000002000001c                . = ALIGN (0x4)

.bss            0x000000002000001c    0x144d4 load address 0x0000000008007108
                0x000000002000001c                _sbss = .
                0x000000002000001c                __bss_start__ = _sbss
 *(.bss)
 .bss           0x000000002000001c       0x1c /opt/st/stm32cubeide_1.7.0/plugins/com.st.stm32cube.ide.mcu.externaltools.gnu-tools-for-stm32.9-2020-q2-update.linux64_2.0.0.202105311346/tools/bin/../lib/gcc/arm-none-eabi/9.3.1/thumb/v7e-m+fp/hard/crtbegin.o
 *(.bss*)
 .bss.pxCurrentTCB
                0x0000000020000038        0x4 ./ThirdParty/FreeRTOS/tasks.o
                0x0000000020000038                pxCurrentTCB
 .bss.pxReadyTasksLists
                0x000000002000003c       0x64 ./ThirdParty/FreeRTOS/tasks.o
 .bss.xDelayedTaskList1
                0x00000000200000a0       0x14 ./ThirdParty/FreeRTOS/tasks.o
 .bss.xDelayedTaskList2
                0x00000000200000b4       0x14 ./ThirdParty/FreeRTOS/tasks.o
 .bss.pxDelayedTaskList
                0x00000000200000c8        0x4 ./ThirdParty/FreeRTOS/tasks.o
 .bss.pxOverflowDelayedTaskList
                0x00000000200000cc        0x4 ./ThirdParty/FreeRTOS/tasks.o
 .bss.xPendingReadyList
                0x00000000200000d0       0x14 ./ThirdParty/FreeRTOS/tasks.o
 .bss.xTasksWaitingTermination
                0x00000000200000e4       0x14 ./ThirdParty/FreeRTOS/tasks.o
 .bss.uxDeletedTasksWaitingCleanUp
                0x00000000200000f8        0x4 ./ThirdParty/FreeRTOS/tasks.o
 .bss.xSuspendedTaskList
                0x00000000200000fc       0x14 ./ThirdParty/FreeRTOS/tasks.o
 .bss.uxCurrentNumberOfTasks
                0x0000000020000110        0x4 ./ThirdParty/FreeRTOS/tasks.o
 .bss.xTickCount
                0x0000000020000114        0x4 ./ThirdParty/FreeRTOS/tasks.o
 .bss.uxTopReadyPriority
                0x0000000020000118        0x4 ./ThirdParty/FreeRTOS/tasks.o
 .bss.xSchedulerRunning
                0x000000002000011c        0x4 ./ThirdParty/FreeRTOS/tasks.o
 .bss.xPendedTicks
                0x0000000020000120        0x4 ./ThirdParty/FreeRTOS/tasks.o
 .bss.xYieldPending
                0x0000000020000124        0x4 ./ThirdParty/FreeRTOS/tasks.o
 .bss.xNumOfOverflows
                0x0000000020000128        0x4 ./ThirdParty/FreeRTOS/tasks.o
 .bss.uxTaskNumber
                0x000000002000012c        0x4 ./ThirdParty/FreeRTOS/tasks.o
 .bss.xNextTaskUnblockTime
                0x0000000020000130        0x4 ./ThirdParty/FreeRTOS/tasks.o
 .bss.xIdleTaskHandle
                0x0000000020000134        0x4 ./ThirdParty/FreeRTOS/tasks.o
 .bss.uxSchedulerSuspended
                0x0000000020000138        0x4 ./ThirdParty/FreeRTOS/tasks.o
 .bss.xActiveTimerList1
                0x000000002000013c       0x14 ./ThirdParty/FreeRTOS/timers.o
 .bss.xActiveTimerList2
                0x0000000020000150       0x14 ./ThirdParty/FreeRTOS/timers.o
 .bss.pxCurrentTimerList
                0x0000000020000164        0x4 ./ThirdParty/FreeRTOS/timers.o
 .bss.pxOverflowTimerList
                0x0000000020000168        0x4 ./ThirdParty/FreeRTOS/timers.o
 .bss.xTimerQueue
                0x000000002000016c        0x4 ./ThirdParty/FreeRTOS/timers.o
 .bss.xTimerTaskHandle
                0x0000000020000170        0x4 ./ThirdParty/FreeRTOS/timers.o
 .bss.xLastTime.7308
                0x0000000020000174        0x4 ./ThirdParty/FreeRTOS/timers.o
 .bss.ucMaxSysCallPriority
                0x0000000020000178        0x1 ./ThirdParty/FreeRTOS/portable/GCC/ARM_CM4F/port.o
 *fill*         0x0000000020000179        0x3 
 .bss.ulMaxPRIGROUPValue
                0x000000002000017c        0x4 ./ThirdParty/FreeRTOS/portable/GCC/ARM_CM4F/port.o
 .bss.ucHeap    0x0000000020000180    0x12c00 ./ThirdParty/FreeRTOS/portable/MemMang/heap_4.o
 .bss.xStart    0x0000000020012d80        0x8 ./ThirdParty/FreeRTOS/portable/MemMang/heap_4.o
 .bss.pxEnd     0x0000000020012d88        0x4 ./ThirdParty/FreeRTOS/portable/MemMang/heap_4.o
 .bss.xFreeBytesRemaining
                0x0000000020012d8c        0x4 ./ThirdParty/FreeRTOS/portable/MemMang/heap_4.o
 .bss.xMinimumEverFreeBytesRemaining
                0x0000000020012d90        0x4 ./ThirdParty/FreeRTOS/portable/MemMang/heap_4.o
 .bss.xNumberOfSuccessfulAllocations
                0x0000000020012d94        0x4 ./ThirdParty/FreeRTOS/portable/MemMang/heap_4.o
 .bss.xNumberOfSuccessfulFrees
                0x0000000020012d98        0x4 ./ThirdParty/FreeRTOS/portable/MemMang/heap_4.o
 .bss.xBlockAllocatedBit
                0x0000000020012d9c        0x4 ./ThirdParty/FreeRTOS/portable/MemMang/heap_4.o
 .bss._aTasks   0x0000000020012da0       0xa0 ./ThirdParty/SEGGER/OS/SEGGER_SYSVIEW_FreeRTOS.o
 .bss._NumTasks
                0x0000000020012e40        0x4 ./ThirdParty/SEGGER/OS/SEGGER_SYSVIEW_FreeRTOS.o
 .bss._cbOnRx   0x0000000020012e44        0x4 ./ThirdParty/SEGGER/Rec/segger_uart.o
 .bss._cbOnTx   0x0000000020012e48        0x4 ./ThirdParty/SEGGER/Rec/segger_uart.o
 .bss._acUpBuffer
                0x0000000020012e4c      0x400 ./ThirdParty/SEGGER/SEGGER/SEGGER_RTT.o
 .bss._acDownBuffer
                0x000000002001324c       0x10 ./ThirdParty/SEGGER/SEGGER/SEGGER_RTT.o
 .bss._UpBuffer
                0x000000002001325c     0x1000 ./ThirdParty/SEGGER/SEGGER/SEGGER_SYSVIEW.o
 .bss._DownBuffer
                0x000000002001425c        0x8 ./ThirdParty/SEGGER/SEGGER/SEGGER_SYSVIEW.o
 .bss._SYSVIEW_Globals
                0x0000000020014264       0x28 ./ThirdParty/SEGGER/SEGGER/SEGGER_SYSVIEW.o
 .bss._pFirstModule
                0x000000002001428c        0x4 ./ThirdParty/SEGGER/SEGGER/SEGGER_SYSVIEW.o
 .bss._NumModules
                0x0000000020014290        0x1 ./ThirdParty/SEGGER/SEGGER/SEGGER_SYSVIEW.o
 *fill*         0x0000000020014291        0x3 
 .bss._aPacket  0x0000000020014294       0xe3 ./ThirdParty/SEGGER/SEGGER/SEGGER_SYSVIEW.o
 *(COMMON)
 *fill*         0x0000000020014377        0x1 
 COMMON         0x0000000020014378       0x44 ./Core/Src/main.o
                0x0000000020014378                huart2
 COMMON         0x00000000200143bc       0x48 ./Core/Src/stm32f4xx_hal_timebase_tim.o
                0x00000000200143bc                htim5
 COMMON         0x0000000020014404        0x4 ./Drivers/STM32F4xx_HAL_Driver/Src/stm32f4xx_hal.o
                0x0000000020014404                uwTick
 COMMON         0x0000000020014408       0x40 ./ThirdParty/FreeRTOS/queue.o
                0x0000000020014408                xQueueRegistry
 COMMON         0x0000000020014448       0xa8 ./ThirdParty/SEGGER/SEGGER/SEGGER_RTT.o
                0x0000000020014448                _SEGGER_RTT
                0x00000000200144f0                . = ALIGN (0x4)
                0x00000000200144f0                _ebss = .
                0x00000000200144f0                __bss_end__ = _ebss

._user_heap_stack
                0x00000000200144f0      0x600 load address 0x0000000008007108
                0x00000000200144f0                . = ALIGN (0x8)
                [!provide]                        PROVIDE (end = .)
                [!provide]                        PROVIDE (_end = .)
                0x00000000200146f0                . = (. + _Min_Heap_Size)
 *fill*         0x00000000200144f0      0x200 
                0x0000000020014af0                . = (. + _Min_Stack_Size)
 *fill*         0x00000000200146f0      0x400 
                0x0000000020014af0                . = ALIGN (0x8)

/DISCARD/
 libc.a(*)
 libm.a(*)
 libgcc.a(*)

.ARM.attributes
                0x0000000000000000       0x30
 *(.ARM.attributes)
 .ARM.attributes
                0x0000000000000000       0x1e /opt/st/stm32cubeide_1.7.0/plugins/com.st.stm32cube.ide.mcu.externaltools.gnu-tools-for-stm32.9-2020-q2-update.linux64_2.0.0.202105311346/tools/bin/../lib/gcc/arm-none-eabi/9.3.1/thumb/v7e-m+fp/hard/crti.o
 .ARM.attributes
                0x000000000000001e       0x34 /opt/st/stm32cubeide_1.7.0/plugins/com.st.stm32cube.ide.mcu.externaltools.gnu-tools-for-stm32.9-2020-q2-update.linux64_2.0.0.202105311346/tools/bin/../lib/gcc/arm-none-eabi/9.3.1/thumb/v7e-m+fp/hard/crtbegin.o
 .ARM.attributes
                0x0000000000000052       0x34 ./Core/Src/main.o
 .ARM.attributes
                0x0000000000000086       0x34 ./Core/Src/stm32f4xx_hal_msp.o
 .ARM.attributes
                0x00000000000000ba       0x34 ./Core/Src/stm32f4xx_hal_timebase_tim.o
 .ARM.attributes
                0x00000000000000ee       0x34 ./Core/Src/stm32f4xx_it.o
 .ARM.attributes
                0x0000000000000122       0x34 ./Core/Src/system_stm32f4xx.o
 .ARM.attributes
                0x0000000000000156       0x21 ./Core/Startup/startup_stm32f401retx.o
 .ARM.attributes
                0x0000000000000177       0x34 ./Drivers/STM32F4xx_HAL_Driver/Src/stm32f4xx_hal.o
 .ARM.attributes
                0x00000000000001ab       0x34 ./Drivers/STM32F4xx_HAL_Driver/Src/stm32f4xx_hal_cortex.o
 .ARM.attributes
                0x00000000000001df       0x34 ./Drivers/STM32F4xx_HAL_Driver/Src/stm32f4xx_hal_gpio.o
 .ARM.attributes
                0x0000000000000213       0x34 ./Drivers/STM32F4xx_HAL_Driver/Src/stm32f4xx_hal_rcc.o
 .ARM.attributes
                0x0000000000000247       0x34 ./Drivers/STM32F4xx_HAL_Driver/Src/stm32f4xx_hal_tim.o
 .ARM.attributes
                0x000000000000027b       0x34 ./Drivers/STM32F4xx_HAL_Driver/Src/stm32f4xx_hal_tim_ex.o
 .ARM.attributes
                0x00000000000002af       0x34 ./Drivers/STM32F4xx_HAL_Driver/Src/stm32f4xx_hal_uart.o
 .ARM.attributes
                0x00000000000002e3       0x34 ./ThirdParty/FreeRTOS/list.o
 .ARM.attributes
                0x0000000000000317       0x34 ./ThirdParty/FreeRTOS/queue.o
 .ARM.attributes
                0x000000000000034b       0x34 ./ThirdParty/FreeRTOS/tasks.o
 .ARM.attributes
                0x000000000000037f       0x34 ./ThirdParty/FreeRTOS/timers.o
 .ARM.attributes
                0x00000000000003b3       0x34 ./ThirdParty/FreeRTOS/portable/GCC/ARM_CM4F/port.o
 .ARM.attributes
                0x00000000000003e7       0x34 ./ThirdParty/FreeRTOS/portable/MemMang/heap_4.o
 .ARM.attributes
                0x000000000000041b       0x34 ./ThirdParty/SEGGER/Config/SEGGER_SYSVIEW_Config_FreeRTOS.o
 .ARM.attributes
                0x000000000000044f       0x34 ./ThirdParty/SEGGER/OS/SEGGER_SYSVIEW_FreeRTOS.o
 .ARM.attributes
                0x0000000000000483       0x34 ./ThirdParty/SEGGER/Rec/segger_uart.o
 .ARM.attributes
                0x00000000000004b7       0x34 ./ThirdParty/SEGGER/SEGGER/SEGGER_RTT.o
 .ARM.attributes
                0x00000000000004eb       0x20 ./ThirdParty/SEGGER/SEGGER/SEGGER_RTT_ASM_ARMv7M.o
 .ARM.attributes
                0x000000000000050b       0x34 ./ThirdParty/SEGGER/SEGGER/SEGGER_SYSVIEW.o
 .ARM.attributes
                0x000000000000053f       0x34 /opt/st/stm32cubeide_1.7.0/plugins/com.st.stm32cube.ide.mcu.externaltools.gnu-tools-for-stm32.9-2020-q2-update.linux64_2.0.0.202105311346/tools/bin/../lib/gcc/arm-none-eabi/9.3.1/../../../../arm-none-eabi/lib/thumb/v7e-m+fp/hard/libc_nano.a(lib_a-init.o)
 .ARM.attributes
                0x0000000000000573       0x34 /opt/st/stm32cubeide_1.7.0/plugins/com.st.stm32cube.ide.mcu.externaltools.gnu-tools-for-stm32.9-2020-q2-update.linux64_2.0.0.202105311346/tools/bin/../lib/gcc/arm-none-eabi/9.3.1/../../../../arm-none-eabi/lib/thumb/v7e-m+fp/hard/libc_nano.a(lib_a-memcmp.o)
 .ARM.attributes
                0x00000000000005a7       0x34 /opt/st/stm32cubeide_1.7.0/plugins/com.st.stm32cube.ide.mcu.externaltools.gnu-tools-for-stm32.9-2020-q2-update.linux64_2.0.0.202105311346/tools/bin/../lib/gcc/arm-none-eabi/9.3.1/../../../../arm-none-eabi/lib/thumb/v7e-m+fp/hard/libc_nano.a(lib_a-memcpy-stub.o)
 .ARM.attributes
                0x00000000000005db       0x34 /opt/st/stm32cubeide_1.7.0/plugins/com.st.stm32cube.ide.mcu.externaltools.gnu-tools-for-stm32.9-2020-q2-update.linux64_2.0.0.202105311346/tools/bin/../lib/gcc/arm-none-eabi/9.3.1/../../../../arm-none-eabi/lib/thumb/v7e-m+fp/hard/libc_nano.a(lib_a-memset.o)
 .ARM.attributes
                0x000000000000060f       0x1e /opt/st/stm32cubeide_1.7.0/plugins/com.st.stm32cube.ide.mcu.externaltools.gnu-tools-for-stm32.9-2020-q2-update.linux64_2.0.0.202105311346/tools/bin/../lib/gcc/arm-none-eabi/9.3.1/thumb/v7e-m+fp/hard/libgcc.a(_aeabi_uldivmod.o)
 .ARM.attributes
                0x000000000000062d       0x34 /opt/st/stm32cubeide_1.7.0/plugins/com.st.stm32cube.ide.mcu.externaltools.gnu-tools-for-stm32.9-2020-q2-update.linux64_2.0.0.202105311346/tools/bin/../lib/gcc/arm-none-eabi/9.3.1/thumb/v7e-m+fp/hard/libgcc.a(_udivmoddi4.o)
 .ARM.attributes
                0x0000000000000661       0x1e /opt/st/stm32cubeide_1.7.0/plugins/com.st.stm32cube.ide.mcu.externaltools.gnu-tools-for-stm32.9-2020-q2-update.linux64_2.0.0.202105311346/tools/bin/../lib/gcc/arm-none-eabi/9.3.1/thumb/v7e-m+fp/hard/libgcc.a(_dvmd_tls.o)
 .ARM.attributes
                0x000000000000067f       0x1e /opt/st/stm32cubeide_1.7.0/plugins/com.st.stm32cube.ide.mcu.externaltools.gnu-tools-for-stm32.9-2020-q2-update.linux64_2.0.0.202105311346/tools/bin/../lib/gcc/arm-none-eabi/9.3.1/thumb/v7e-m+fp/hard/crtn.o
OUTPUT(Embeded.elf elf32-littlearm)
LOAD linker stubs
LOAD /opt/st/stm32cubeide_1.7.0/plugins/com.st.stm32cube.ide.mcu.externaltools.gnu-tools-for-stm32.9-2020-q2-update.linux64_2.0.0.202105311346/tools/bin/../lib/gcc/arm-none-eabi/9.3.1/../../../../arm-none-eabi/lib/thumb/v7e-m+fp/hard/libc.a
LOAD /opt/st/stm32cubeide_1.7.0/plugins/com.st.stm32cube.ide.mcu.externaltools.gnu-tools-for-stm32.9-2020-q2-update.linux64_2.0.0.202105311346/tools/bin/../lib/gcc/arm-none-eabi/9.3.1/../../../../arm-none-eabi/lib/thumb/v7e-m+fp/hard/libm.a
LOAD /opt/st/stm32cubeide_1.7.0/plugins/com.st.stm32cube.ide.mcu.externaltools.gnu-tools-for-stm32.9-2020-q2-update.linux64_2.0.0.202105311346/tools/bin/../lib/gcc/arm-none-eabi/9.3.1/thumb/v7e-m+fp/hard/libgcc.a

.debug_info     0x0000000000000000    0x1ba1e
 .debug_info    0x0000000000000000     0x1a28 ./Core/Src/main.o
 .debug_info    0x0000000000001a28      0xa3d ./Core/Src/stm32f4xx_hal_msp.o
 .debug_info    0x0000000000002465      0xbfa ./Core/Src/stm32f4xx_hal_timebase_tim.o
 .debug_info    0x000000000000305f      0x7c3 ./Core/Src/stm32f4xx_it.o
 .debug_info    0x0000000000003822      0x5d0 ./Core/Src/system_stm32f4xx.o
 .debug_info    0x0000000000003df2       0x22 ./Core/Startup/startup_stm32f401retx.o
 .debug_info    0x0000000000003e14      0x93d ./Drivers/STM32F4xx_HAL_Driver/Src/stm32f4xx_hal.o
 .debug_info    0x0000000000004751      0xe41 ./Drivers/STM32F4xx_HAL_Driver/Src/stm32f4xx_hal_cortex.o
 .debug_info    0x0000000000005592      0x862 ./Drivers/STM32F4xx_HAL_Driver/Src/stm32f4xx_hal_gpio.o
 .debug_info    0x0000000000005df4      0x9bd ./Drivers/STM32F4xx_HAL_Driver/Src/stm32f4xx_hal_rcc.o
 .debug_info    0x00000000000067b1     0x2a88 ./Drivers/STM32F4xx_HAL_Driver/Src/stm32f4xx_hal_tim.o
 .debug_info    0x0000000000009239     0x151a ./Drivers/STM32F4xx_HAL_Driver/Src/stm32f4xx_hal_tim_ex.o
 .debug_info    0x000000000000a753     0x165d ./Drivers/STM32F4xx_HAL_Driver/Src/stm32f4xx_hal_uart.o
 .debug_info    0x000000000000bdb0      0xb9a ./ThirdParty/FreeRTOS/list.o
 .debug_info    0x000000000000c94a     0x1ffc ./ThirdParty/FreeRTOS/queue.o
 .debug_info    0x000000000000e946     0x2a1f ./ThirdParty/FreeRTOS/tasks.o
 .debug_info    0x0000000000011365     0x157f ./ThirdParty/FreeRTOS/timers.o
 .debug_info    0x00000000000128e4      0x5b1 ./ThirdParty/FreeRTOS/portable/GCC/ARM_CM4F/port.o
 .debug_info    0x0000000000012e95      0xda4 ./ThirdParty/FreeRTOS/portable/MemMang/heap_4.o
 .debug_info    0x0000000000013c39      0x131 ./ThirdParty/SEGGER/Config/SEGGER_SYSVIEW_Config_FreeRTOS.o
 .debug_info    0x0000000000013d6a      0xc58 ./ThirdParty/SEGGER/OS/SEGGER_SYSVIEW_FreeRTOS.o
 .debug_info    0x00000000000149c2     0x1304 ./ThirdParty/SEGGER/Rec/segger_uart.o
 .debug_info    0x0000000000015cc6     0x1d4b ./ThirdParty/SEGGER/SEGGER/SEGGER_RTT.o
 .debug_info    0x0000000000017a11       0x26 ./ThirdParty/SEGGER/SEGGER/SEGGER_RTT_ASM_ARMv7M.o
 .debug_info    0x0000000000017a37     0x3fe7 ./ThirdParty/SEGGER/SEGGER/SEGGER_SYSVIEW.o

.debug_abbrev   0x0000000000000000     0x37fb
 .debug_abbrev  0x0000000000000000      0x351 ./Core/Src/main.o
 .debug_abbrev  0x0000000000000351      0x1ac ./Core/Src/stm32f4xx_hal_msp.o
 .debug_abbrev  0x00000000000004fd      0x1d0 ./Core/Src/stm32f4xx_hal_timebase_tim.o
 .debug_abbrev  0x00000000000006cd      0x187 ./Core/Src/stm32f4xx_it.o
 .debug_abbrev  0x0000000000000854      0x145 ./Core/Src/system_stm32f4xx.o
 .debug_abbrev  0x0000000000000999       0x12 ./Core/Startup/startup_stm32f401retx.o
 .debug_abbrev  0x00000000000009ab      0x21e ./Drivers/STM32F4xx_HAL_Driver/Src/stm32f4xx_hal.o
 .debug_abbrev  0x0000000000000bc9      0x33c ./Drivers/STM32F4xx_HAL_Driver/Src/stm32f4xx_hal_cortex.o
 .debug_abbrev  0x0000000000000f05      0x1f1 ./Drivers/STM32F4xx_HAL_Driver/Src/stm32f4xx_hal_gpio.o
 .debug_abbrev  0x00000000000010f6      0x275 ./Drivers/STM32F4xx_HAL_Driver/Src/stm32f4xx_hal_rcc.o
 .debug_abbrev  0x000000000000136b      0x26f ./Drivers/STM32F4xx_HAL_Driver/Src/stm32f4xx_hal_tim.o
 .debug_abbrev  0x00000000000015da      0x277 ./Drivers/STM32F4xx_HAL_Driver/Src/stm32f4xx_hal_tim_ex.o
 .debug_abbrev  0x0000000000001851      0x29c ./Drivers/STM32F4xx_HAL_Driver/Src/stm32f4xx_hal_uart.o
 .debug_abbrev  0x0000000000001aed      0x1f7 ./ThirdParty/FreeRTOS/list.o
 .debug_abbrev  0x0000000000001ce4      0x333 ./ThirdParty/FreeRTOS/queue.o
 .debug_abbrev  0x0000000000002017      0x3a9 ./ThirdParty/FreeRTOS/tasks.o
 .debug_abbrev  0x00000000000023c0      0x2fd ./ThirdParty/FreeRTOS/timers.o
 .debug_abbrev  0x00000000000026bd      0x231 ./ThirdParty/FreeRTOS/portable/GCC/ARM_CM4F/port.o
 .debug_abbrev  0x00000000000028ee      0x2d3 ./ThirdParty/FreeRTOS/portable/MemMang/heap_4.o
 .debug_abbrev  0x0000000000002bc1       0xc1 ./ThirdParty/SEGGER/Config/SEGGER_SYSVIEW_Config_FreeRTOS.o
 .debug_abbrev  0x0000000000002c82      0x219 ./ThirdParty/SEGGER/OS/SEGGER_SYSVIEW_FreeRTOS.o
 .debug_abbrev  0x0000000000002e9b      0x2e0 ./ThirdParty/SEGGER/Rec/segger_uart.o
 .debug_abbrev  0x000000000000317b      0x2e1 ./ThirdParty/SEGGER/SEGGER/SEGGER_RTT.o
 .debug_abbrev  0x000000000000345c       0x14 ./ThirdParty/SEGGER/SEGGER/SEGGER_RTT_ASM_ARMv7M.o
 .debug_abbrev  0x0000000000003470      0x38b ./ThirdParty/SEGGER/SEGGER/SEGGER_SYSVIEW.o

.debug_aranges  0x0000000000000000     0x1568
 .debug_aranges
                0x0000000000000000       0x68 ./Core/Src/main.o
 .debug_aranges
                0x0000000000000068       0x30 ./Core/Src/stm32f4xx_hal_msp.o
 .debug_aranges
                0x0000000000000098       0x30 ./Core/Src/stm32f4xx_hal_timebase_tim.o
 .debug_aranges
                0x00000000000000c8       0x50 ./Core/Src/stm32f4xx_it.o
 .debug_aranges
                0x0000000000000118       0x28 ./Core/Src/system_stm32f4xx.o
 .debug_aranges
                0x0000000000000140       0x28 ./Core/Startup/startup_stm32f401retx.o
 .debug_aranges
                0x0000000000000168       0xf0 ./Drivers/STM32F4xx_HAL_Driver/Src/stm32f4xx_hal.o
 .debug_aranges
                0x0000000000000258      0x118 ./Drivers/STM32F4xx_HAL_Driver/Src/stm32f4xx_hal_cortex.o
 .debug_aranges
                0x0000000000000370       0x58 ./Drivers/STM32F4xx_HAL_Driver/Src/stm32f4xx_hal_gpio.o
 .debug_aranges
                0x00000000000003c8       0x88 ./Drivers/STM32F4xx_HAL_Driver/Src/stm32f4xx_hal_rcc.o
 .debug_aranges
                0x0000000000000450      0x3d0 ./Drivers/STM32F4xx_HAL_Driver/Src/stm32f4xx_hal_tim.o
 .debug_aranges
                0x0000000000000820      0x168 ./Drivers/STM32F4xx_HAL_Driver/Src/stm32f4xx_hal_tim_ex.o
 .debug_aranges
                0x0000000000000988      0x200 ./Drivers/STM32F4xx_HAL_Driver/Src/stm32f4xx_hal_uart.o
 .debug_aranges
                0x0000000000000b88       0x40 ./ThirdParty/FreeRTOS/list.o
 .debug_aranges
                0x0000000000000bc8      0x130 ./ThirdParty/FreeRTOS/queue.o
 .debug_aranges
                0x0000000000000cf8      0x208 ./ThirdParty/FreeRTOS/tasks.o
 .debug_aranges
                0x0000000000000f00       0xd8 ./ThirdParty/FreeRTOS/timers.o
 .debug_aranges
                0x0000000000000fd8       0x88 ./ThirdParty/FreeRTOS/portable/GCC/ARM_CM4F/port.o
 .debug_aranges
                0x0000000000001060       0x58 ./ThirdParty/FreeRTOS/portable/MemMang/heap_4.o
 .debug_aranges
                0x00000000000010b8       0x28 ./ThirdParty/SEGGER/Config/SEGGER_SYSVIEW_Config_FreeRTOS.o
 .debug_aranges
                0x00000000000010e0       0x48 ./ThirdParty/SEGGER/OS/SEGGER_SYSVIEW_FreeRTOS.o
 .debug_aranges
                0x0000000000001128       0x68 ./ThirdParty/SEGGER/Rec/segger_uart.o
 .debug_aranges
                0x0000000000001190      0x138 ./ThirdParty/SEGGER/SEGGER/SEGGER_RTT.o
 .debug_aranges
                0x00000000000012c8       0x20 ./ThirdParty/SEGGER/SEGGER/SEGGER_RTT_ASM_ARMv7M.o
 .debug_aranges
                0x00000000000012e8      0x280 ./ThirdParty/SEGGER/SEGGER/SEGGER_SYSVIEW.o

.debug_ranges   0x0000000000000000     0x1400
 .debug_ranges  0x0000000000000000       0x58 ./Core/Src/main.o
 .debug_ranges  0x0000000000000058       0x20 ./Core/Src/stm32f4xx_hal_msp.o
 .debug_ranges  0x0000000000000078       0x20 ./Core/Src/stm32f4xx_hal_timebase_tim.o
 .debug_ranges  0x0000000000000098       0x40 ./Core/Src/stm32f4xx_it.o
 .debug_ranges  0x00000000000000d8       0x18 ./Core/Src/system_stm32f4xx.o
 .debug_ranges  0x00000000000000f0       0x20 ./Core/Startup/startup_stm32f401retx.o
 .debug_ranges  0x0000000000000110       0xe0 ./Drivers/STM32F4xx_HAL_Driver/Src/stm32f4xx_hal.o
 .debug_ranges  0x00000000000001f0      0x108 ./Drivers/STM32F4xx_HAL_Driver/Src/stm32f4xx_hal_cortex.o
 .debug_ranges  0x00000000000002f8       0x48 ./Drivers/STM32F4xx_HAL_Driver/Src/stm32f4xx_hal_gpio.o
 .debug_ranges  0x0000000000000340       0x78 ./Drivers/STM32F4xx_HAL_Driver/Src/stm32f4xx_hal_rcc.o
 .debug_ranges  0x00000000000003b8      0x3c0 ./Drivers/STM32F4xx_HAL_Driver/Src/stm32f4xx_hal_tim.o
 .debug_ranges  0x0000000000000778      0x158 ./Drivers/STM32F4xx_HAL_Driver/Src/stm32f4xx_hal_tim_ex.o
 .debug_ranges  0x00000000000008d0      0x220 ./Drivers/STM32F4xx_HAL_Driver/Src/stm32f4xx_hal_uart.o
 .debug_ranges  0x0000000000000af0       0x30 ./ThirdParty/FreeRTOS/list.o
 .debug_ranges  0x0000000000000b20      0x120 ./ThirdParty/FreeRTOS/queue.o
 .debug_ranges  0x0000000000000c40      0x1f8 ./ThirdParty/FreeRTOS/tasks.o
 .debug_ranges  0x0000000000000e38       0xc8 ./ThirdParty/FreeRTOS/timers.o
 .debug_ranges  0x0000000000000f00       0x78 ./ThirdParty/FreeRTOS/portable/GCC/ARM_CM4F/port.o
 .debug_ranges  0x0000000000000f78       0x48 ./ThirdParty/FreeRTOS/portable/MemMang/heap_4.o
 .debug_ranges  0x0000000000000fc0       0x18 ./ThirdParty/SEGGER/Config/SEGGER_SYSVIEW_Config_FreeRTOS.o
 .debug_ranges  0x0000000000000fd8       0x38 ./ThirdParty/SEGGER/OS/SEGGER_SYSVIEW_FreeRTOS.o
 .debug_ranges  0x0000000000001010       0x58 ./ThirdParty/SEGGER/Rec/segger_uart.o
 .debug_ranges  0x0000000000001068      0x128 ./ThirdParty/SEGGER/SEGGER/SEGGER_RTT.o
 .debug_ranges  0x0000000000001190      0x270 ./ThirdParty/SEGGER/SEGGER/SEGGER_SYSVIEW.o

.debug_macro    0x0000000000000000    0x19510
 .debug_macro   0x0000000000000000      0x3fc ./Core/Src/main.o
 .debug_macro   0x00000000000003fc      0xaa8 ./Core/Src/main.o
 .debug_macro   0x0000000000000ea4      0x29b ./Core/Src/main.o
 .debug_macro   0x000000000000113f       0x2e ./Core/Src/main.o
 .debug_macro   0x000000000000116d       0x28 ./Core/Src/main.o
 .debug_macro   0x0000000000001195       0x22 ./Core/Src/main.o
 .debug_macro   0x00000000000011b7       0x8e ./Core/Src/main.o
 .debug_macro   0x0000000000001245       0x51 ./Core/Src/main.o
 .debug_macro   0x0000000000001296      0x103 ./Core/Src/main.o
 .debug_macro   0x0000000000001399       0x6a ./Core/Src/main.o
 .debug_macro   0x0000000000001403      0x1df ./Core/Src/main.o
 .debug_macro   0x00000000000015e2       0x1c ./Core/Src/main.o
 .debug_macro   0x00000000000015fe       0x22 ./Core/Src/main.o
 .debug_macro   0x0000000000001620       0xdf ./Core/Src/main.o
 .debug_macro   0x00000000000016ff     0x102d ./Core/Src/main.o
 .debug_macro   0x000000000000272c      0x11f ./Core/Src/main.o
 .debug_macro   0x000000000000284b     0xb850 ./Core/Src/main.o
 .debug_macro   0x000000000000e09b       0x43 ./Core/Src/main.o
 .debug_macro   0x000000000000e0de     0x3659 ./Core/Src/main.o
 .debug_macro   0x0000000000011737      0x174 ./Core/Src/main.o
 .debug_macro   0x00000000000118ab       0x5c ./Core/Src/main.o
 .debug_macro   0x0000000000011907      0x416 ./Core/Src/main.o
 .debug_macro   0x0000000000011d1d      0x9fe ./Core/Src/main.o
 .debug_macro   0x000000000001271b      0x117 ./Core/Src/main.o
 .debug_macro   0x0000000000012832       0xf8 ./Core/Src/main.o
 .debug_macro   0x000000000001292a       0x82 ./Core/Src/main.o
 .debug_macro   0x00000000000129ac      0x15f ./Core/Src/main.o
 .debug_macro   0x0000000000012b0b      0x287 ./Core/Src/main.o
 .debug_macro   0x0000000000012d92       0x5f ./Core/Src/main.o
 .debug_macro   0x0000000000012df1      0x236 ./Core/Src/main.o
 .debug_macro   0x0000000000013027      0x132 ./Core/Src/main.o
 .debug_macro   0x0000000000013159      0x264 ./Core/Src/main.o
 .debug_macro   0x00000000000133bd       0x2e ./Core/Src/main.o
 .debug_macro   0x00000000000133eb      0x11a ./Core/Src/main.o
 .debug_macro   0x0000000000013505       0x85 ./Core/Src/main.o
 .debug_macro   0x000000000001358a       0x89 ./Core/Src/main.o
 .debug_macro   0x0000000000013613      0x8d1 ./Core/Src/main.o
 .debug_macro   0x0000000000013ee4       0x47 ./Core/Src/main.o
 .debug_macro   0x0000000000013f2b      0x295 ./Core/Src/main.o
 .debug_macro   0x00000000000141c0      0x126 ./Core/Src/main.o
 .debug_macro   0x00000000000142e6       0x58 ./Core/Src/main.o
 .debug_macro   0x000000000001433e      0x112 ./Core/Src/main.o
 .debug_macro   0x0000000000014450       0x58 ./Core/Src/main.o
 .debug_macro   0x00000000000144a8       0x46 ./Core/Src/main.o
 .debug_macro   0x00000000000144ee       0x64 ./Core/Src/main.o
 .debug_macro   0x0000000000014552       0x16 ./Core/Src/main.o
 .debug_macro   0x0000000000014568       0x49 ./Core/Src/main.o
 .debug_macro   0x00000000000145b1       0xbc ./Core/Src/main.o
 .debug_macro   0x000000000001466d      0x204 ./Core/Src/main.o
 .debug_macro   0x0000000000014871      0x450 ./Core/Src/main.o
 .debug_macro   0x0000000000014cc1      0x15a ./Core/Src/main.o
 .debug_macro   0x0000000000014e1b       0xea ./Core/Src/main.o
 .debug_macro   0x0000000000014f05       0x1c ./Core/Src/main.o
 .debug_macro   0x0000000000014f21       0x26 ./Core/Src/main.o
 .debug_macro   0x0000000000014f47      0x3d0 ./Core/Src/main.o
 .debug_macro   0x0000000000015317       0xb5 ./Core/Src/main.o
 .debug_macro   0x00000000000153cc      0x120 ./Core/Src/main.o
 .debug_macro   0x00000000000154ec       0x52 ./Core/Src/main.o
 .debug_macro   0x000000000001553e       0x18 ./Core/Src/main.o
 .debug_macro   0x0000000000015556       0x3c ./Core/Src/main.o
 .debug_macro   0x0000000000015592       0x34 ./Core/Src/main.o
 .debug_macro   0x00000000000155c6       0x16 ./Core/Src/main.o
 .debug_macro   0x00000000000155dc       0x35 ./Core/Src/main.o
 .debug_macro   0x0000000000015611      0x333 ./Core/Src/main.o
 .debug_macro   0x0000000000015944       0x16 ./Core/Src/main.o
 .debug_macro   0x000000000001595a       0x43 ./Core/Src/main.o
 .debug_macro   0x000000000001599d       0x34 ./Core/Src/main.o
 .debug_macro   0x00000000000159d1       0x10 ./Core/Src/main.o
 .debug_macro   0x00000000000159e1       0x58 ./Core/Src/main.o
 .debug_macro   0x0000000000015a39       0x71 ./Core/Src/main.o
 .debug_macro   0x0000000000015aaa       0x1c ./Core/Src/main.o
 .debug_macro   0x0000000000015ac6      0x12a ./Core/Src/main.o
 .debug_macro   0x0000000000015bf0       0x10 ./Core/Src/main.o
 .debug_macro   0x0000000000015c00       0x1c ./Core/Src/main.o
 .debug_macro   0x0000000000015c1c       0x52 ./Core/Src/main.o
 .debug_macro   0x0000000000015c6e       0x22 ./Core/Src/main.o
 .debug_macro   0x0000000000015c90       0x10 ./Core/Src/main.o
 .debug_macro   0x0000000000015ca0       0x40 ./Core/Src/main.o
 .debug_macro   0x0000000000015ce0       0xd5 ./Core/Src/main.o
 .debug_macro   0x0000000000015db5       0x1c ./Core/Src/main.o
 .debug_macro   0x0000000000015dd1       0x3d ./Core/Src/main.o
 .debug_macro   0x0000000000015e0e       0x16 ./Core/Src/main.o
 .debug_macro   0x0000000000015e24      0x145 ./Core/Src/main.o
 .debug_macro   0x0000000000015f69      0x28e ./Core/Src/stm32f4xx_hal_msp.o
 .debug_macro   0x00000000000161f7      0x1ce ./Core/Src/stm32f4xx_hal_timebase_tim.o
 .debug_macro   0x00000000000163c5      0x1e7 ./Core/Src/stm32f4xx_it.o
 .debug_macro   0x00000000000165ac      0x1ce ./Core/Src/system_stm32f4xx.o
 .debug_macro   0x000000000001677a      0x22e ./Drivers/STM32F4xx_HAL_Driver/Src/stm32f4xx_hal.o
 .debug_macro   0x00000000000169a8      0x1ce ./Drivers/STM32F4xx_HAL_Driver/Src/stm32f4xx_hal_cortex.o
 .debug_macro   0x0000000000016b76      0x1d4 ./Drivers/STM32F4xx_HAL_Driver/Src/stm32f4xx_hal_gpio.o
 .debug_macro   0x0000000000016d4a      0x1f2 ./Drivers/STM32F4xx_HAL_Driver/Src/stm32f4xx_hal_rcc.o
 .debug_macro   0x0000000000016f3c      0x1cf ./Drivers/STM32F4xx_HAL_Driver/Src/stm32f4xx_hal_tim.o
 .debug_macro   0x000000000001710b      0x1ce ./Drivers/STM32F4xx_HAL_Driver/Src/stm32f4xx_hal_tim_ex.o
 .debug_macro   0x00000000000172d9      0x1cf ./Drivers/STM32F4xx_HAL_Driver/Src/stm32f4xx_hal_uart.o
 .debug_macro   0x00000000000174a8      0x1f4 ./ThirdParty/FreeRTOS/list.o
 .debug_macro   0x000000000001769c      0x27d ./ThirdParty/FreeRTOS/queue.o
 .debug_macro   0x0000000000017919       0x16 ./ThirdParty/FreeRTOS/queue.o
 .debug_macro   0x000000000001792f       0x20 ./ThirdParty/FreeRTOS/queue.o
 .debug_macro   0x000000000001794f       0x80 ./ThirdParty/FreeRTOS/queue.o
 .debug_macro   0x00000000000179cf      0x2e1 ./ThirdParty/FreeRTOS/tasks.o
 .debug_macro   0x0000000000017cb0       0x10 ./ThirdParty/FreeRTOS/tasks.o
 .debug_macro   0x0000000000017cc0      0x23d ./ThirdParty/FreeRTOS/timers.o
 .debug_macro   0x0000000000017efd       0x97 ./ThirdParty/FreeRTOS/timers.o
 .debug_macro   0x0000000000017f94      0x1f7 ./ThirdParty/FreeRTOS/portable/GCC/ARM_CM4F/port.o
 .debug_macro   0x000000000001818b      0x20f ./ThirdParty/FreeRTOS/portable/MemMang/heap_4.o
 .debug_macro   0x000000000001839a      0x137 ./ThirdParty/SEGGER/Config/SEGGER_SYSVIEW_Config_FreeRTOS.o
 .debug_macro   0x00000000000184d1      0x203 ./ThirdParty/SEGGER/OS/SEGGER_SYSVIEW_FreeRTOS.o
 .debug_macro   0x00000000000186d4      0x426 ./ThirdParty/SEGGER/Rec/segger_uart.o
 .debug_macro   0x0000000000018afa       0x3a ./ThirdParty/SEGGER/Rec/segger_uart.o
 .debug_macro   0x0000000000018b34      0x138 ./ThirdParty/SEGGER/Rec/segger_uart.o
 .debug_macro   0x0000000000018c6c       0xd9 ./ThirdParty/SEGGER/Rec/segger_uart.o
 .debug_macro   0x0000000000018d45       0x56 ./ThirdParty/SEGGER/Rec/segger_uart.o
 .debug_macro   0x0000000000018d9b      0x1bd ./ThirdParty/SEGGER/SEGGER/SEGGER_RTT.o
 .debug_macro   0x0000000000018f58       0x34 ./ThirdParty/SEGGER/SEGGER/SEGGER_RTT.o
 .debug_macro   0x0000000000018f8c      0x212 ./ThirdParty/SEGGER/SEGGER/SEGGER_SYSVIEW.o
 .debug_macro   0x000000000001919e      0x204 ./ThirdParty/SEGGER/SEGGER/SEGGER_SYSVIEW.o
 .debug_macro   0x00000000000193a2      0x16e ./ThirdParty/SEGGER/SEGGER/SEGGER_SYSVIEW.o

.debug_line     0x0000000000000000    0x16eb4
 .debug_line    0x0000000000000000      0xd7c ./Core/Src/main.o
 .debug_line    0x0000000000000d7c      0x9e1 ./Core/Src/stm32f4xx_hal_msp.o
 .debug_line    0x000000000000175d      0x75c ./Core/Src/stm32f4xx_hal_timebase_tim.o
 .debug_line    0x0000000000001eb9      0x799 ./Core/Src/stm32f4xx_it.o
 .debug_line    0x0000000000002652      0x77e ./Core/Src/system_stm32f4xx.o
 .debug_line    0x0000000000002dd0       0x88 ./Core/Startup/startup_stm32f401retx.o
 .debug_line    0x0000000000002e58      0x9e4 ./Drivers/STM32F4xx_HAL_Driver/Src/stm32f4xx_hal.o
 .debug_line    0x000000000000383c      0xc93 ./Drivers/STM32F4xx_HAL_Driver/Src/stm32f4xx_hal_cortex.o
 .debug_line    0x00000000000044cf      0xb20 ./Drivers/STM32F4xx_HAL_Driver/Src/stm32f4xx_hal_gpio.o
 .debug_line    0x0000000000004fef      0xd60 ./Drivers/STM32F4xx_HAL_Driver/Src/stm32f4xx_hal_rcc.o
 .debug_line    0x0000000000005d4f     0x33ea ./Drivers/STM32F4xx_HAL_Driver/Src/stm32f4xx_hal_tim.o
 .debug_line    0x0000000000009139     0x194c ./Drivers/STM32F4xx_HAL_Driver/Src/stm32f4xx_hal_tim_ex.o
 .debug_line    0x000000000000aa85     0x1aaa ./Drivers/STM32F4xx_HAL_Driver/Src/stm32f4xx_hal_uart.o
 .debug_line    0x000000000000c52f      0x859 ./ThirdParty/FreeRTOS/list.o
 .debug_line    0x000000000000cd88     0x1732 ./ThirdParty/FreeRTOS/queue.o
 .debug_line    0x000000000000e4ba     0x1e7e ./ThirdParty/FreeRTOS/tasks.o
 .debug_line    0x0000000000010338      0xdb5 ./ThirdParty/FreeRTOS/timers.o
 .debug_line    0x00000000000110ed      0x9e0 ./ThirdParty/FreeRTOS/portable/GCC/ARM_CM4F/port.o
 .debug_line    0x0000000000011acd      0xaa4 ./ThirdParty/FreeRTOS/portable/MemMang/heap_4.o
 .debug_line    0x0000000000012571      0x63c ./ThirdParty/SEGGER/Config/SEGGER_SYSVIEW_Config_FreeRTOS.o
 .debug_line    0x0000000000012bad      0x943 ./ThirdParty/SEGGER/OS/SEGGER_SYSVIEW_FreeRTOS.o
 .debug_line    0x00000000000134f0      0xb7f ./ThirdParty/SEGGER/Rec/segger_uart.o
 .debug_line    0x000000000001406f      0xe5f ./ThirdParty/SEGGER/SEGGER/SEGGER_RTT.o
 .debug_line    0x0000000000014ece       0xa0 ./ThirdParty/SEGGER/SEGGER/SEGGER_RTT_ASM_ARMv7M.o
 .debug_line    0x0000000000014f6e     0x1f46 ./ThirdParty/SEGGER/SEGGER/SEGGER_SYSVIEW.o

.debug_str      0x0000000000000000    0x9c073
 .debug_str     0x0000000000000000    0x92b63 ./Core/Src/main.o
                                      0x92f8f (size before relaxing)
 .debug_str     0x0000000000092b63       0x56 ./Core/Src/stm32f4xx_hal_msp.o
                                      0x8cf99 (size before relaxing)
 .debug_str     0x0000000000092bb9      0x420 ./Core/Src/stm32f4xx_hal_timebase_tim.o
                                      0x86213 (size before relaxing)
 .debug_str     0x0000000000092fd9       0xa2 ./Core/Src/stm32f4xx_it.o
                                      0x85e24 (size before relaxing)
 .debug_str     0x000000000009307b       0xaf ./Core/Src/system_stm32f4xx.o
                                      0x858e8 (size before relaxing)
 .debug_str     0x000000000009312a       0x36 ./Core/Startup/startup_stm32f401retx.o
                                         0x5d (size before relaxing)
 .debug_str     0x0000000000093160      0x542 ./Drivers/STM32F4xx_HAL_Driver/Src/stm32f4xx_hal.o
                                      0x86268 (size before relaxing)
 .debug_str     0x00000000000936a2      0x392 ./Drivers/STM32F4xx_HAL_Driver/Src/stm32f4xx_hal_cortex.o
                                      0x86045 (size before relaxing)
 .debug_str     0x0000000000093a34      0x15f ./Drivers/STM32F4xx_HAL_Driver/Src/stm32f4xx_hal_gpio.o
                                      0x85a8f (size before relaxing)
 .debug_str     0x0000000000093b93      0x24f ./Drivers/STM32F4xx_HAL_Driver/Src/stm32f4xx_hal_rcc.o
                                      0x85cea (size before relaxing)
 .debug_str     0x0000000000093de2      0xe4d ./Drivers/STM32F4xx_HAL_Driver/Src/stm32f4xx_hal_tim.o
                                      0x86bfe (size before relaxing)
 .debug_str     0x0000000000094c2f      0x538 ./Drivers/STM32F4xx_HAL_Driver/Src/stm32f4xx_hal_tim_ex.o
                                      0x863af (size before relaxing)
 .debug_str     0x0000000000095167      0x5ed ./Drivers/STM32F4xx_HAL_Driver/Src/stm32f4xx_hal_uart.o
                                      0x8623a (size before relaxing)
 .debug_str     0x0000000000095754      0x28e ./ThirdParty/FreeRTOS/list.o
                                       0xecf9 (size before relaxing)
 .debug_str     0x00000000000959e2     0x1048 ./ThirdParty/FreeRTOS/queue.o
                                      0x10fc1 (size before relaxing)
 .debug_str     0x0000000000096a2a     0x1d08 ./ThirdParty/FreeRTOS/tasks.o
                                      0x11e11 (size before relaxing)
 .debug_str     0x0000000000098732      0x51d ./ThirdParty/FreeRTOS/timers.o
                                      0x113a1 (size before relaxing)
 .debug_str     0x0000000000098c4f      0x7fb ./ThirdParty/FreeRTOS/portable/GCC/ARM_CM4F/port.o
                                       0xd3cb (size before relaxing)
 .debug_str     0x000000000009944a      0x327 ./ThirdParty/FreeRTOS/portable/MemMang/heap_4.o
                                      0x10173 (size before relaxing)
 .debug_str     0x0000000000099771      0x16c ./ThirdParty/SEGGER/Config/SEGGER_SYSVIEW_Config_FreeRTOS.o
                                       0xb274 (size before relaxing)
 .debug_str     0x00000000000998dd       0xf5 ./ThirdParty/SEGGER/OS/SEGGER_SYSVIEW_FreeRTOS.o
                                       0xfed2 (size before relaxing)
 .debug_str     0x00000000000999d2     0x1045 ./ThirdParty/SEGGER/Rec/segger_uart.o
                                      0x8b8e2 (size before relaxing)
 .debug_str     0x000000000009aa17      0x6d4 ./ThirdParty/SEGGER/SEGGER/SEGGER_RTT.o
                                       0x7c34 (size before relaxing)
 .debug_str     0x000000000009b0eb       0x34 ./ThirdParty/SEGGER/SEGGER/SEGGER_RTT_ASM_ARMv7M.o
                                         0x69 (size before relaxing)
 .debug_str     0x000000000009b11f      0xf54 ./ThirdParty/SEGGER/SEGGER/SEGGER_SYSVIEW.o
                                       0x9c17 (size before relaxing)

.comment        0x0000000000000000       0x53
 .comment       0x0000000000000000       0x53 ./Core/Src/main.o
                                         0x54 (size before relaxing)
 .comment       0x0000000000000053       0x54 ./Core/Src/stm32f4xx_hal_msp.o
 .comment       0x0000000000000053       0x54 ./Core/Src/stm32f4xx_hal_timebase_tim.o
 .comment       0x0000000000000053       0x54 ./Core/Src/stm32f4xx_it.o
 .comment       0x0000000000000053       0x54 ./Core/Src/system_stm32f4xx.o
 .comment       0x0000000000000053       0x54 ./Drivers/STM32F4xx_HAL_Driver/Src/stm32f4xx_hal.o
 .comment       0x0000000000000053       0x54 ./Drivers/STM32F4xx_HAL_Driver/Src/stm32f4xx_hal_cortex.o
 .comment       0x0000000000000053       0x54 ./Drivers/STM32F4xx_HAL_Driver/Src/stm32f4xx_hal_gpio.o
 .comment       0x0000000000000053       0x54 ./Drivers/STM32F4xx_HAL_Driver/Src/stm32f4xx_hal_rcc.o
 .comment       0x0000000000000053       0x54 ./Drivers/STM32F4xx_HAL_Driver/Src/stm32f4xx_hal_tim.o
 .comment       0x0000000000000053       0x54 ./Drivers/STM32F4xx_HAL_Driver/Src/stm32f4xx_hal_tim_ex.o
 .comment       0x0000000000000053       0x54 ./Drivers/STM32F4xx_HAL_Driver/Src/stm32f4xx_hal_uart.o
 .comment       0x0000000000000053       0x54 ./ThirdParty/FreeRTOS/list.o
 .comment       0x0000000000000053       0x54 ./ThirdParty/FreeRTOS/queue.o
 .comment       0x0000000000000053       0x54 ./ThirdParty/FreeRTOS/tasks.o
 .comment       0x0000000000000053       0x54 ./ThirdParty/FreeRTOS/timers.o
 .comment       0x0000000000000053       0x54 ./ThirdParty/FreeRTOS/portable/GCC/ARM_CM4F/port.o
 .comment       0x0000000000000053       0x54 ./ThirdParty/FreeRTOS/portable/MemMang/heap_4.o
 .comment       0x0000000000000053       0x54 ./ThirdParty/SEGGER/Config/SEGGER_SYSVIEW_Config_FreeRTOS.o
 .comment       0x0000000000000053       0x54 ./ThirdParty/SEGGER/OS/SEGGER_SYSVIEW_FreeRTOS.o
 .comment       0x0000000000000053       0x54 ./ThirdParty/SEGGER/Rec/segger_uart.o
 .comment       0x0000000000000053       0x54 ./ThirdParty/SEGGER/SEGGER/SEGGER_RTT.o
 .comment       0x0000000000000053       0x54 ./ThirdParty/SEGGER/SEGGER/SEGGER_SYSVIEW.o

.debug_frame    0x0000000000000000     0x5a0c
 .debug_frame   0x0000000000000000      0x150 ./Core/Src/main.o
 .debug_frame   0x0000000000000150       0x7c ./Core/Src/stm32f4xx_hal_msp.o
 .debug_frame   0x00000000000001cc       0x74 ./Core/Src/stm32f4xx_hal_timebase_tim.o
 .debug_frame   0x0000000000000240       0xc4 ./Core/Src/stm32f4xx_it.o
 .debug_frame   0x0000000000000304       0x58 ./Core/Src/system_stm32f4xx.o
 .debug_frame   0x000000000000035c      0x374 ./Drivers/STM32F4xx_HAL_Driver/Src/stm32f4xx_hal.o
 .debug_frame   0x00000000000006d0      0x498 ./Drivers/STM32F4xx_HAL_Driver/Src/stm32f4xx_hal_cortex.o
 .debug_frame   0x0000000000000b68      0x14c ./Drivers/STM32F4xx_HAL_Driver/Src/stm32f4xx_hal_gpio.o
 .debug_frame   0x0000000000000cb4      0x1f0 ./Drivers/STM32F4xx_HAL_Driver/Src/stm32f4xx_hal_rcc.o
 .debug_frame   0x0000000000000ea4     0x11bc ./Drivers/STM32F4xx_HAL_Driver/Src/stm32f4xx_hal_tim.o
 .debug_frame   0x0000000000002060      0x638 ./Drivers/STM32F4xx_HAL_Driver/Src/stm32f4xx_hal_tim_ex.o
 .debug_frame   0x0000000000002698      0x924 ./Drivers/STM32F4xx_HAL_Driver/Src/stm32f4xx_hal_uart.o
 .debug_frame   0x0000000000002fbc       0xd8 ./ThirdParty/FreeRTOS/list.o
 .debug_frame   0x0000000000003094      0x544 ./ThirdParty/FreeRTOS/queue.o
 .debug_frame   0x00000000000035d8      0x8fc ./ThirdParty/FreeRTOS/tasks.o
 .debug_frame   0x0000000000003ed4      0x38c ./ThirdParty/FreeRTOS/timers.o
 .debug_frame   0x0000000000004260      0x1d0 ./ThirdParty/FreeRTOS/portable/GCC/ARM_CM4F/port.o
 .debug_frame   0x0000000000004430      0x12c ./ThirdParty/FreeRTOS/portable/MemMang/heap_4.o
 .debug_frame   0x000000000000455c       0x48 ./ThirdParty/SEGGER/Config/SEGGER_SYSVIEW_Config_FreeRTOS.o
 .debug_frame   0x00000000000045a4       0xfc ./ThirdParty/SEGGER/OS/SEGGER_SYSVIEW_FreeRTOS.o
 .debug_frame   0x00000000000046a0      0x178 ./ThirdParty/SEGGER/Rec/segger_uart.o
 .debug_frame   0x0000000000004818      0x530 ./ThirdParty/SEGGER/SEGGER/SEGGER_RTT.o
 .debug_frame   0x0000000000004d48      0xbc4 ./ThirdParty/SEGGER/SEGGER/SEGGER_SYSVIEW.o